Archive member included to satisfy reference by file (symbol)

D:/ST/STM32CubeCLT_1.15.1/GNU-tools-for-STM32/bin/../lib/gcc/arm-none-eabi/12.3.1/../../../../arm-none-eabi/lib/thumb/v7e-m+fp/hard\libc_nano.a(libc_a-exit.o)
                              D:/ST/STM32CubeCLT_1.15.1/GNU-tools-for-STM32/bin/../lib/gcc/arm-none-eabi/12.3.1/../../../../arm-none-eabi/lib/thumb/v7e-m+fp/hard/crt0.o (exit)
D:/ST/STM32CubeCLT_1.15.1/GNU-tools-for-STM32/bin/../lib/gcc/arm-none-eabi/12.3.1/../../../../arm-none-eabi/lib/thumb/v7e-m+fp/hard\libc_nano.a(libc_a-nano-vfprintf_float.o)
                              (_printf_float)
D:/ST/STM32CubeCLT_1.15.1/GNU-tools-for-STM32/bin/../lib/gcc/arm-none-eabi/12.3.1/../../../../arm-none-eabi/lib/thumb/v7e-m+fp/hard\libc_nano.a(libc_a-nano-vfprintf_i.o)
                              D:/ST/STM32CubeCLT_1.15.1/GNU-tools-for-STM32/bin/../lib/gcc/arm-none-eabi/12.3.1/../../../../arm-none-eabi/lib/thumb/v7e-m+fp/hard\libc_nano.a(libc_a-nano-vfprintf_float.o) (_printf_common)
D:/ST/STM32CubeCLT_1.15.1/GNU-tools-for-STM32/bin/../lib/gcc/arm-none-eabi/12.3.1/../../../../arm-none-eabi/lib/thumb/v7e-m+fp/hard\libc_nano.a(libc_a-nano-vfscanf_float.o)
                              (_scanf_float)
D:/ST/STM32CubeCLT_1.15.1/GNU-tools-for-STM32/bin/../lib/gcc/arm-none-eabi/12.3.1/../../../../arm-none-eabi/lib/thumb/v7e-m+fp/hard\libc_nano.a(libc_a-findfp.o)
                              D:/ST/STM32CubeCLT_1.15.1/GNU-tools-for-STM32/bin/../lib/gcc/arm-none-eabi/12.3.1/../../../../arm-none-eabi/lib/thumb/v7e-m+fp/hard\libc_nano.a(libc_a-exit.o) (__stdio_exit_handler)
D:/ST/STM32CubeCLT_1.15.1/GNU-tools-for-STM32/bin/../lib/gcc/arm-none-eabi/12.3.1/../../../../arm-none-eabi/lib/thumb/v7e-m+fp/hard\libc_nano.a(libc_a-fwalk.o)
                              D:/ST/STM32CubeCLT_1.15.1/GNU-tools-for-STM32/bin/../lib/gcc/arm-none-eabi/12.3.1/../../../../arm-none-eabi/lib/thumb/v7e-m+fp/hard\libc_nano.a(libc_a-findfp.o) (_fwalk_sglue)
D:/ST/STM32CubeCLT_1.15.1/GNU-tools-for-STM32/bin/../lib/gcc/arm-none-eabi/12.3.1/../../../../arm-none-eabi/lib/thumb/v7e-m+fp/hard\libc_nano.a(libc_a-sprintf.o)
                              D:/ST/STM32CubeCLT_1.15.1/GNU-tools-for-STM32/bin/../lib/gcc/arm-none-eabi/12.3.1/../../../../arm-none-eabi/lib/thumb/v7e-m+fp/hard\libc_nano.a(libc_a-nano-vfscanf_float.o) (sprintf)
D:/ST/STM32CubeCLT_1.15.1/GNU-tools-for-STM32/bin/../lib/gcc/arm-none-eabi/12.3.1/../../../../arm-none-eabi/lib/thumb/v7e-m+fp/hard\libc_nano.a(libc_a-stdio.o)
                              D:/ST/STM32CubeCLT_1.15.1/GNU-tools-for-STM32/bin/../lib/gcc/arm-none-eabi/12.3.1/../../../../arm-none-eabi/lib/thumb/v7e-m+fp/hard\libc_nano.a(libc_a-findfp.o) (__sread)
D:/ST/STM32CubeCLT_1.15.1/GNU-tools-for-STM32/bin/../lib/gcc/arm-none-eabi/12.3.1/../../../../arm-none-eabi/lib/thumb/v7e-m+fp/hard\libc_nano.a(libc_a-memset.o)
                              D:/ST/STM32CubeCLT_1.15.1/GNU-tools-for-STM32/bin/../lib/gcc/arm-none-eabi/12.3.1/../../../../arm-none-eabi/lib/thumb/v7e-m+fp/hard/crt0.o (memset)
D:/ST/STM32CubeCLT_1.15.1/GNU-tools-for-STM32/bin/../lib/gcc/arm-none-eabi/12.3.1/../../../../arm-none-eabi/lib/thumb/v7e-m+fp/hard\libc_nano.a(libc_a-localeconv.o)
                              D:/ST/STM32CubeCLT_1.15.1/GNU-tools-for-STM32/bin/../lib/gcc/arm-none-eabi/12.3.1/../../../../arm-none-eabi/lib/thumb/v7e-m+fp/hard\libc_nano.a(libc_a-nano-vfprintf_float.o) (_localeconv_r)
D:/ST/STM32CubeCLT_1.15.1/GNU-tools-for-STM32/bin/../lib/gcc/arm-none-eabi/12.3.1/../../../../arm-none-eabi/lib/thumb/v7e-m+fp/hard\libc_nano.a(libc_a-closer.o)
                              D:/ST/STM32CubeCLT_1.15.1/GNU-tools-for-STM32/bin/../lib/gcc/arm-none-eabi/12.3.1/../../../../arm-none-eabi/lib/thumb/v7e-m+fp/hard\libc_nano.a(libc_a-stdio.o) (_close_r)
D:/ST/STM32CubeCLT_1.15.1/GNU-tools-for-STM32/bin/../lib/gcc/arm-none-eabi/12.3.1/../../../../arm-none-eabi/lib/thumb/v7e-m+fp/hard\libc_nano.a(libc_a-reent.o)
                              D:/ST/STM32CubeCLT_1.15.1/GNU-tools-for-STM32/bin/../lib/gcc/arm-none-eabi/12.3.1/../../../../arm-none-eabi/lib/thumb/v7e-m+fp/hard\libc_nano.a(libc_a-closer.o) (errno)
D:/ST/STM32CubeCLT_1.15.1/GNU-tools-for-STM32/bin/../lib/gcc/arm-none-eabi/12.3.1/../../../../arm-none-eabi/lib/thumb/v7e-m+fp/hard\libc_nano.a(libc_a-impure.o)
                              D:/ST/STM32CubeCLT_1.15.1/GNU-tools-for-STM32/bin/../lib/gcc/arm-none-eabi/12.3.1/../../../../arm-none-eabi/lib/thumb/v7e-m+fp/hard\libc_nano.a(libc_a-sprintf.o) (_impure_ptr)
D:/ST/STM32CubeCLT_1.15.1/GNU-tools-for-STM32/bin/../lib/gcc/arm-none-eabi/12.3.1/../../../../arm-none-eabi/lib/thumb/v7e-m+fp/hard\libc_nano.a(libc_a-lseekr.o)
                              D:/ST/STM32CubeCLT_1.15.1/GNU-tools-for-STM32/bin/../lib/gcc/arm-none-eabi/12.3.1/../../../../arm-none-eabi/lib/thumb/v7e-m+fp/hard\libc_nano.a(libc_a-stdio.o) (_lseek_r)
[...]
Memory Configuration

Name             Origin             Length             Attributes
RAM              0x20000000         0x00018000         xrw
RAM2             0x10000000         0x00008000         xrw
FLASH            0x08000000         0x00100000         xr
*default*        0x00000000         0xffffffff

Linker script and memory map

LOAD D:/ST/STM32CubeCLT_1.15.1/GNU-tools-for-STM32/bin/../lib/gcc/arm-none-eabi/12.3.1/thumb/v7e-m+fp/hard/crti.o
LOAD D:/ST/STM32CubeCLT_1.15.1/GNU-tools-for-STM32/bin/../lib/gcc/arm-none-eabi/12.3.1/thumb/v7e-m+fp/hard/crtbegin.o
LOAD D:/ST/STM32CubeCLT_1.15.1/GNU-tools-for-STM32/bin/../lib/gcc/arm-none-eabi/12.3.1/../../../../arm-none-eabi/lib/thumb/v7e-m+fp/hard/crt0.o
START GROUP
LOAD D:/ST/STM32CubeCLT_1.15.1/GNU-tools-for-STM32/bin/../lib/gcc/arm-none-eabi/12.3.1/../../../../arm-none-eabi/lib/thumb/v7e-m+fp/hard\libc_nano.a
LOAD D:/ST/STM32CubeCLT_1.15.1/GNU-tools-for-STM32/bin/../lib/gcc/arm-none-eabi/12.3.1/../../../../arm-none-eabi/lib/thumb/v7e-m+fp/hard\libm.a
END GROUP
LOAD CMakeFiles/31_05_2024.dir/Libraries/stm32-bme280-master/bme280.c.obj
LOAD CMakeFiles/31_05_2024.dir/Libraries/stm32-ens160-master/ens160.c.obj
LOAD CMakeFiles/31_05_2024.dir/Libraries/stm32-SEN05XX-master/sen05xx.c.obj
LOAD CMakeFiles/31_05_2024.dir/Libraries/stm32-max17048-master/max.c.obj
LOAD CMakeFiles/31_05_2024.dir/Libraries/stm32-epd4in2b-master/epd4in2b.c.obj
LOAD CMakeFiles/31_05_2024.dir/Libraries/stm32-epd4in2b-master/epdpaint.c.obj
LOAD CMakeFiles/31_05_2024.dir/Libraries/stm32-epd4in2b-master/font8.c.obj
LOAD CMakeFiles/31_05_2024.dir/Libraries/stm32-epd4in2b-master/font12.c.obj
LOAD CMakeFiles/31_05_2024.dir/Libraries/stm32-epd4in2b-master/font16.c.obj
LOAD CMakeFiles/31_05_2024.dir/Libraries/stm32-epd4in2b-master/font20.c.obj
LOAD CMakeFiles/31_05_2024.dir/Libraries/stm32-epd4in2b-master/font24.c.obj
LOAD CMakeFiles/31_05_2024.dir/Libraries/stm32-epd4in2b-master/imagedata.c.obj
LOAD CMakeFiles/31_05_2024.dir/Core/Src/user_interface.c.obj
LOAD CMakeFiles/31_05_2024.dir/Core/Src/main.c.obj
LOAD CMakeFiles/31_05_2024.dir/Core/Src/stm32l4xx_it.c.obj
LOAD CMakeFiles/31_05_2024.dir/Core/Src/stm32l4xx_hal_msp.c.obj
LOAD CMakeFiles/31_05_2024.dir/Core/Src/fatfs_sd_card.c.obj
LOAD CMakeFiles/31_05_2024.dir/FATFS/Target/user_diskio.c.obj
LOAD CMakeFiles/31_05_2024.dir/FATFS/App/fatfs.c.obj
LOAD CMakeFiles/31_05_2024.dir/Drivers/STM32L4xx_HAL_Driver/Src/stm32l4xx_hal_adc.c.obj
LOAD CMakeFiles/31_05_2024.dir/Drivers/STM32L4xx_HAL_Driver/Src/stm32l4xx_hal_adc_ex.c.obj
LOAD CMakeFiles/31_05_2024.dir/Drivers/STM32L4xx_HAL_Driver/Src/stm32l4xx_hal.c.obj
LOAD CMakeFiles/31_05_2024.dir/Drivers/STM32L4xx_HAL_Driver/Src/stm32l4xx_hal_rcc.c.obj
LOAD CMakeFiles/31_05_2024.dir/Drivers/STM32L4xx_HAL_Driver/Src/stm32l4xx_hal_rcc_ex.c.obj
LOAD CMakeFiles/31_05_2024.dir/Drivers/STM32L4xx_HAL_Driver/Src/stm32l4xx_hal_flash.c.obj
LOAD CMakeFiles/31_05_2024.dir/Drivers/STM32L4xx_HAL_Driver/Src/stm32l4xx_hal_flash_ex.c.obj
LOAD CMakeFiles/31_05_2024.dir/Drivers/STM32L4xx_HAL_Driver/Src/stm32l4xx_hal_flash_ramfunc.c.obj
LOAD CMakeFiles/31_05_2024.dir/Drivers/STM32L4xx_HAL_Driver/Src/stm32l4xx_hal_gpio.c.obj
LOAD CMakeFiles/31_05_2024.dir/Drivers/STM32L4xx_HAL_Driver/Src/stm32l4xx_hal_i2c.c.obj
LOAD CMakeFiles/31_05_2024.dir/Drivers/STM32L4xx_HAL_Driver/Src/stm32l4xx_hal_i2c_ex.c.obj
LOAD CMakeFiles/31_05_2024.dir/Drivers/STM32L4xx_HAL_Driver/Src/stm32l4xx_hal_dma.c.obj
LOAD CMakeFiles/31_05_2024.dir/Drivers/STM32L4xx_HAL_Driver/Src/stm32l4xx_hal_dma_ex.c.obj
LOAD CMakeFiles/31_05_2024.dir/Drivers/STM32L4xx_HAL_Driver/Src/stm32l4xx_hal_pwr.c.obj
LOAD CMakeFiles/31_05_2024.dir/Drivers/STM32L4xx_HAL_Driver/Src/stm32l4xx_hal_pwr_ex.c.obj
LOAD CMakeFiles/31_05_2024.dir/Drivers/STM32L4xx_HAL_Driver/Src/stm32l4xx_hal_cortex.c.obj
LOAD CMakeFiles/31_05_2024.dir/Drivers/STM32L4xx_HAL_Driver/Src/stm32l4xx_hal_exti.c.obj
LOAD CMakeFiles/31_05_2024.dir/Drivers/STM32L4xx_HAL_Driver/Src/stm32l4xx_hal_rtc.c.obj
LOAD CMakeFiles/31_05_2024.dir/Drivers/STM32L4xx_HAL_Driver/Src/stm32l4xx_hal_rtc_ex.c.obj
LOAD CMakeFiles/31_05_2024.dir/Drivers/STM32L4xx_HAL_Driver/Src/stm32l4xx_hal_spi.c.obj
LOAD CMakeFiles/31_05_2024.dir/Drivers/STM32L4xx_HAL_Driver/Src/stm32l4xx_hal_spi_ex.c.obj
LOAD CMakeFiles/31_05_2024.dir/Drivers/STM32L4xx_HAL_Driver/Src/stm32l4xx_hal_tim.c.obj
LOAD CMakeFiles/31_05_2024.dir/Drivers/STM32L4xx_HAL_Driver/Src/stm32l4xx_hal_tim_ex.c.obj
LOAD CMakeFiles/31_05_2024.dir/Drivers/STM32L4xx_HAL_Driver/Src/stm32l4xx_hal_uart.c.obj
LOAD CMakeFiles/31_05_2024.dir/Drivers/STM32L4xx_HAL_Driver/Src/stm32l4xx_hal_uart_ex.c.obj
LOAD CMakeFiles/31_05_2024.dir/Core/Src/system_stm32l4xx.c.obj
LOAD CMakeFiles/31_05_2024.dir/Middlewares/Third_Party/FatFs/src/diskio.c.obj
LOAD CMakeFiles/31_05_2024.dir/Middlewares/Third_Party/FatFs/src/ff.c.obj
LOAD CMakeFiles/31_05_2024.dir/Middlewares/Third_Party/FatFs/src/ff_gen_drv.c.obj
LOAD CMakeFiles/31_05_2024.dir/Middlewares/Third_Party/FatFs/src/option/syscall.c.obj
LOAD CMakeFiles/31_05_2024.dir/Middlewares/Third_Party/FatFs/src/option/ccsbcs.c.obj
LOAD CMakeFiles/31_05_2024.dir/Core/Src/sysmem.c.obj
LOAD CMakeFiles/31_05_2024.dir/Core/Src/syscalls.c.obj
LOAD CMakeFiles/31_05_2024.dir/startup_stm32l476xx.s.obj
START GROUP
LOAD D:/ST/STM32CubeCLT_1.15.1/GNU-tools-for-STM32/bin/../lib/gcc/arm-none-eabi/12.3.1/thumb/v7e-m+fp/hard\libgcc.a
LOAD D:/ST/STM32CubeCLT_1.15.1/GNU-tools-for-STM32/bin/../lib/gcc/arm-none-eabi/12.3.1/../../../../arm-none-eabi/lib/thumb/v7e-m+fp/hard\libg_nano.a
LOAD D:/ST/STM32CubeCLT_1.15.1/GNU-tools-for-STM32/bin/../lib/gcc/arm-none-eabi/12.3.1/../../../../arm-none-eabi/lib/thumb/v7e-m+fp/hard\libc_nano.a
END GROUP
START GROUP
LOAD D:/ST/STM32CubeCLT_1.15.1/GNU-tools-for-STM32/bin/../lib/gcc/arm-none-eabi/12.3.1/thumb/v7e-m+fp/hard\libgcc.a
LOAD D:/ST/STM32CubeCLT_1.15.1/GNU-tools-for-STM32/bin/../lib/gcc/arm-none-eabi/12.3.1/../../../../arm-none-eabi/lib/thumb/v7e-m+fp/hard\libc_nano.a
END GROUP
LOAD D:/ST/STM32CubeCLT_1.15.1/GNU-tools-for-STM32/bin/../lib/gcc/arm-none-eabi/12.3.1/thumb/v7e-m+fp/hard/crtend.o
LOAD D:/ST/STM32CubeCLT_1.15.1/GNU-tools-for-STM32/bin/../lib/gcc/arm-none-eabi/12.3.1/thumb/v7e-m+fp/hard/crtn.o
                0x20018000                        _estack = (ORIGIN (RAM) + LENGTH (RAM))
                0x00000200                        _Min_Heap_Size = 0x200
                0x00000400                        _Min_Stack_Size = 0x400

.isr_vector     0x08000000      0x188
                0x08000000                        . = ALIGN (0x8)
 *(.isr_vector)
 .isr_vector    0x08000000      0x188 CMakeFiles/31_05_2024.dir/startup_stm32l476xx.s.obj
                0x08000000                g_pfnVectors
                0x08000188                        . = ALIGN (0x8)

.text           0x08000190    0x12270
                0x08000190                        . = ALIGN (0x8)
 *(.text)
 .text          0x08000190       0x40 D:/ST/STM32CubeCLT_1.15.1/GNU-tools-for-STM32/bin/../lib/gcc/arm-none-eabi/12.3.1/thumb/v7e-m+fp/hard/crtbegin.o
 .text          0x080001d0       0xa0 D:/ST/STM32CubeCLT_1.15.1/GNU-tools-for-STM32/bin/../lib/gcc/arm-none-eabi/12.3.1/../../../../arm-none-eabi/lib/thumb/v7e-m+fp/hard\libc_nano.a(libc_a-memchr.o)
                0x080001d0                memchr
 .text          0x08000270       0x10 D:/ST/STM32CubeCLT_1.15.1/GNU-tools-for-STM32/bin/../lib/gcc/arm-none-eabi/12.3.1/../../../../arm-none-eabi/lib/thumb/v7e-m+fp/hard\libc_nano.a(libc_a-strlen.o)
                0x08000270                strlen
 .text          0x08000280      0x378 D:/ST/STM32CubeCLT_1.15.1/GNU-tools-for-STM32/bin/../lib/gcc/arm-none-eabi/12.3.1/thumb/v7e-m+fp/hard\libgcc.a(_arm_addsubdf3.o)
                0x08000280                __aeabi_drsub
                0x08000288                __aeabi_dsub
                0x08000288                __subdf3
                0x0800028c                __aeabi_dadd
                0x0800028c                __adddf3
                0x08000504                __floatunsidf
                0x08000504                __aeabi_ui2d
                0x08000524                __floatsidf
                0x08000524                __aeabi_i2d
                0x08000548                __aeabi_f2d
                0x08000548                __extendsfdf2
                0x0800058c                __floatundidf
                0x0800058c                __aeabi_ul2d
                0x0800059c                __floatdidf
                0x0800059c                __aeabi_l2d
 .text          0x080005f8      0x424 D:/ST/STM32CubeCLT_1.15.1/GNU-tools-for-STM32/bin/../lib/gcc/arm-none-eabi/12.3.1/thumb/v7e-m+fp/hard\libgcc.a(_arm_muldivdf3.o)
                0x080005f8                __aeabi_dmul
                0x080005f8                __muldf3
                0x0800084c                __divdf3
                0x0800084c                __aeabi_ddiv
 .text          0x08000a1c      0x110 D:/ST/STM32CubeCLT_1.15.1/GNU-tools-for-STM32/bin/../lib/gcc/arm-none-eabi/12.3.1/thumb/v7e-m+fp/hard\libgcc.a(_arm_cmpdf2.o)
                0x08000a1c                __gtdf2
                0x08000a1c                __gedf2
                0x08000a24                __ltdf2
                0x08000a24                __ledf2
                0x08000a2c                __nedf2
                0x08000a2c                __eqdf2
                0x08000a2c                __cmpdf2
                0x08000aa8                __aeabi_cdrcmple
                0x08000ab8                __aeabi_cdcmpeq
                0x08000ab8                __aeabi_cdcmple
                0x08000ac8                __aeabi_dcmpeq
                0x08000adc                __aeabi_dcmplt
                0x08000af0                __aeabi_dcmple
                0x08000b04                __aeabi_dcmpge
                0x08000b18                __aeabi_dcmpgt
 .text          0x08000b2c       0x2c D:/ST/STM32CubeCLT_1.15.1/GNU-tools-for-STM32/bin/../lib/gcc/arm-none-eabi/12.3.1/thumb/v7e-m+fp/hard\libgcc.a(_arm_unorddf2.o)
                0x08000b2c                __unorddf2
                0x08000b2c                __aeabi_dcmpun
 .text          0x08000b58       0x50 D:/ST/STM32CubeCLT_1.15.1/GNU-tools-for-STM32/bin/../lib/gcc/arm-none-eabi/12.3.1/thumb/v7e-m+fp/hard\libgcc.a(_arm_fixdfsi.o)
                0x08000b58                __aeabi_d2iz
                0x08000b58                __fixdfsi
 .text          0x08000ba8       0x40 D:/ST/STM32CubeCLT_1.15.1/GNU-tools-for-STM32/bin/../lib/gcc/arm-none-eabi/12.3.1/thumb/v7e-m+fp/hard\libgcc.a(_arm_fixunsdfsi.o)
                0x08000ba8                __aeabi_d2uiz
                0x08000ba8                __fixunsdfsi
 .text          0x08000be8       0xa0 D:/ST/STM32CubeCLT_1.15.1/GNU-tools-for-STM32/bin/../lib/gcc/arm-none-eabi/12.3.1/thumb/v7e-m+fp/hard\libgcc.a(_arm_truncdfsf2.o)
                0x08000be8                __truncdfsf2
                0x08000be8                __aeabi_d2f
 .text          0x08000c88       0x30 D:/ST/STM32CubeCLT_1.15.1/GNU-tools-for-STM32/bin/../lib/gcc/arm-none-eabi/12.3.1/thumb/v7e-m+fp/hard\libgcc.a(_aeabi_uldivmod.o)
                0x08000c88                __aeabi_uldivmod
 .text          0x08000cb8       0x30 D:/ST/STM32CubeCLT_1.15.1/GNU-tools-for-STM32/bin/../lib/gcc/arm-none-eabi/12.3.1/thumb/v7e-m+fp/hard\libgcc.a(_fixdfdi.o)
                0x08000cb8                __fixdfdi
                0x08000cb8                __aeabi_d2lz
 .text          0x08000ce8       0x3c D:/ST/STM32CubeCLT_1.15.1/GNU-tools-for-STM32/bin/../lib/gcc/arm-none-eabi/12.3.1/thumb/v7e-m+fp/hard\libgcc.a(_fixunsdfdi.o)
                0x08000ce8                __fixunsdfdi
                0x08000ce8                __aeabi_d2ulz
 .text          0x08000d24      0x2bc D:/ST/STM32CubeCLT_1.15.1/GNU-tools-for-STM32/bin/../lib/gcc/arm-none-eabi/12.3.1/thumb/v7e-m+fp/hard\libgcc.a(_udivmoddi4.o)
                0x08000d24                __udivmoddi4
 .text          0x08000fe0        0x4 D:/ST/STM32CubeCLT_1.15.1/GNU-tools-for-STM32/bin/../lib/gcc/arm-none-eabi/12.3.1/thumb/v7e-m+fp/hard\libgcc.a(_dvmd_tls.o)
                0x08000fe0                __aeabi_idiv0
                0x08000fe0                __aeabi_ldiv0
 *(.text*)
 .text.__cvt    0x08000fe4       0xca D:/ST/STM32CubeCLT_1.15.1/GNU-tools-for-STM32/bin/../lib/gcc/arm-none-eabi/12.3.1/../../../../arm-none-eabi/lib/thumb/v7e-m+fp/hard\libc_nano.a(libc_a-nano-vfprintf_float.o)
                0x08000fe4                __cvt
 .text.__exponent
                0x080010ae       0x74 D:/ST/STM32CubeCLT_1.15.1/GNU-tools-for-STM32/bin/../lib/gcc/arm-none-eabi/12.3.1/../../../../arm-none-eabi/lib/thumb/v7e-m+fp/hard\libc_nano.a(libc_a-nano-vfprintf_float.o)
                0x080010ae                __exponent
 *fill*         0x08001122        0x2 
 .text._printf_float
                0x08001124      0x454 D:/ST/STM32CubeCLT_1.15.1/GNU-tools-for-STM32/bin/../lib/gcc/arm-none-eabi/12.3.1/../../../../arm-none-eabi/lib/thumb/v7e-m+fp/hard\libc_nano.a(libc_a-nano-vfprintf_float.o)
                0x08001124                _printf_float
 .text._printf_common
                0x08001578       0xda D:/ST/STM32CubeCLT_1.15.1/GNU-tools-for-STM32/bin/../lib/gcc/arm-none-eabi/12.3.1/../../../../arm-none-eabi/lib/thumb/v7e-m+fp/hard\libc_nano.a(libc_a-nano-vfprintf_i.o)
                0x08001578                _printf_common
 *fill*         0x08001652        0x2 
 .text._printf_i
                0x08001654      0x240 D:/ST/STM32CubeCLT_1.15.1/GNU-tools-for-STM32/bin/../lib/gcc/arm-none-eabi/12.3.1/../../../../arm-none-eabi/lib/thumb/v7e-m+fp/hard\libc_nano.a(libc_a-nano-vfprintf_i.o)
                0x08001654                _printf_i
 .text._scanf_float
                0x08001894      0x428 D:/ST/STM32CubeCLT_1.15.1/GNU-tools-for-STM32/bin/../lib/gcc/arm-none-eabi/12.3.1/../../../../arm-none-eabi/lib/thumb/v7e-m+fp/hard\libc_nano.a(libc_a-nano-vfscanf_float.o)
                0x08001894                _scanf_float
 .text.std      0x08001cbc       0x6c D:/ST/STM32CubeCLT_1.15.1/GNU-tools-for-STM32/bin/../lib/gcc/arm-none-eabi/12.3.1/../../../../arm-none-eabi/lib/thumb/v7e-m+fp/hard\libc_nano.a(libc_a-findfp.o)
 .text.stdio_exit_handler
                0x08001d28       0x18 D:/ST/STM32CubeCLT_1.15.1/GNU-tools-for-STM32/bin/../lib/gcc/arm-none-eabi/12.3.1/../../../../arm-none-eabi/lib/thumb/v7e-m+fp/hard\libc_nano.a(libc_a-findfp.o)
 .text.cleanup_stdio
                0x08001d40       0x40 D:/ST/STM32CubeCLT_1.15.1/GNU-tools-for-STM32/bin/../lib/gcc/arm-none-eabi/12.3.1/../../../../arm-none-eabi/lib/thumb/v7e-m+fp/hard\libc_nano.a(libc_a-findfp.o)
 .text.global_stdio_init.part.0
                0x08001d80       0x3c D:/ST/STM32CubeCLT_1.15.1/GNU-tools-for-STM32/bin/../lib/gcc/arm-none-eabi/12.3.1/../../../../arm-none-eabi/lib/thumb/v7e-m+fp/hard\libc_nano.a(libc_a-findfp.o)
 .text.__sfp_lock_acquire
                0x08001dbc        0xc D:/ST/STM32CubeCLT_1.15.1/GNU-tools-for-STM32/bin/../lib/gcc/arm-none-eabi/12.3.1/../../../../arm-none-eabi/lib/thumb/v7e-m+fp/hard\libc_nano.a(libc_a-findfp.o)
                0x08001dbc                __sfp_lock_acquire
 .text.__sfp_lock_release
                0x08001dc8        0xc D:/ST/STM32CubeCLT_1.15.1/GNU-tools-for-STM32/bin/../lib/gcc/arm-none-eabi/12.3.1/../../../../arm-none-eabi/lib/thumb/v7e-m+fp/hard\libc_nano.a(libc_a-findfp.o)
                0x08001dc8                __sfp_lock_release
 .text.__sinit  0x08001dd4       0x30 D:/ST/STM32CubeCLT_1.15.1/GNU-tools-for-STM32/bin/../lib/gcc/arm-none-eabi/12.3.1/../../../../arm-none-eabi/lib/thumb/v7e-m+fp/hard\libc_nano.a(libc_a-findfp.o)
                0x08001dd4                __sinit
 .text._fwalk_sglue
                0x08001e04       0x3c D:/ST/STM32CubeCLT_1.15.1/GNU-tools-for-STM32/bin/../lib/gcc/arm-none-eabi/12.3.1/../../../../arm-none-eabi/lib/thumb/v7e-m+fp/hard\libc_nano.a(libc_a-fwalk.o)
                0x08001e04                _fwalk_sglue
 .text.sprintf  0x08001e40       0x40 D:/ST/STM32CubeCLT_1.15.1/GNU-tools-for-STM32/bin/../lib/gcc/arm-none-eabi/12.3.1/../../../../arm-none-eabi/lib/thumb/v7e-m+fp/hard\libc_nano.a(libc_a-sprintf.o)
                0x08001e40                siprintf
                0x08001e40                sprintf
 .text.__sread  0x08001e80       0x22 D:/ST/STM32CubeCLT_1.15.1/GNU-tools-for-STM32/bin/../lib/gcc/arm-none-eabi/12.3.1/../../../../arm-none-eabi/lib/thumb/v7e-m+fp/hard\libc_nano.a(libc_a-stdio.o)
                0x08001e80                __sread
 .text.__swrite
                0x08001ea2       0x38 D:/ST/STM32CubeCLT_1.15.1/GNU-tools-for-STM32/bin/../lib/gcc/arm-none-eabi/12.3.1/../../../../arm-none-eabi/lib/thumb/v7e-m+fp/hard\libc_nano.a(libc_a-stdio.o)
                0x08001ea2                __swrite
 .text.__sseek  0x08001eda       0x24 D:/ST/STM32CubeCLT_1.15.1/GNU-tools-for-STM32/bin/../lib/gcc/arm-none-eabi/12.3.1/../../../../arm-none-eabi/lib/thumb/v7e-m+fp/hard\libc_nano.a(libc_a-stdio.o)
                0x08001eda                __sseek
 .text.__sclose
                0x08001efe        0x8 D:/ST/STM32CubeCLT_1.15.1/GNU-tools-for-STM32/bin/../lib/gcc/arm-none-eabi/12.3.1/../../../../arm-none-eabi/lib/thumb/v7e-m+fp/hard\libc_nano.a(libc_a-stdio.o)
                0x08001efe                __sclose
 .text.memset   0x08001f06       0x10 D:/ST/STM32CubeCLT_1.15.1/GNU-tools-for-STM32/bin/../lib/gcc/arm-none-eabi/12.3.1/../../../../arm-none-eabi/lib/thumb/v7e-m+fp/hard\libc_nano.a(libc_a-memset.o)
                0x08001f06                memset
 *fill*         0x08001f16        0x2 
 .text._localeconv_r
                0x08001f18        0x8 D:/ST/STM32CubeCLT_1.15.1/GNU-tools-for-STM32/bin/../lib/gcc/arm-none-eabi/12.3.1/../../../../arm-none-eabi/lib/thumb/v7e-m+fp/hard\libc_nano.a(libc_a-localeconv.o)
                0x08001f18                _localeconv_r
 .text._close_r
                0x08001f20       0x20 D:/ST/STM32CubeCLT_1.15.1/GNU-tools-for-STM32/bin/../lib/gcc/arm-none-eabi/12.3.1/../../../../arm-none-eabi/lib/thumb/v7e-m+fp/hard\libc_nano.a(libc_a-closer.o)
                0x08001f20                _close_r
 .text._lseek_r
                0x08001f40       0x24 D:/ST/STM32CubeCLT_1.15.1/GNU-tools-for-STM32/bin/../lib/gcc/arm-none-eabi/12.3.1/../../../../arm-none-eabi/lib/thumb/v7e-m+fp/hard\libc_nano.a(libc_a-lseekr.o)
                0x08001f40                _lseek_r
 .text._read_r  0x08001f64       0x24 D:/ST/STM32CubeCLT_1.15.1/GNU-tools-for-STM32/bin/../lib/gcc/arm-none-eabi/12.3.1/../../../../arm-none-eabi/lib/thumb/v7e-m+fp/hard\libc_nano.a(libc_a-readr.o)
                0x08001f64                _read_r
 .text._write_r
                0x08001f88       0x24 D:/ST/STM32CubeCLT_1.15.1/GNU-tools-for-STM32/bin/../lib/gcc/arm-none-eabi/12.3.1/../../../../arm-none-eabi/lib/thumb/v7e-m+fp/hard\libc_nano.a(libc_a-writer.o)
                0x08001f88                _write_r
 .text.__libc_init_array
                0x08001fac       0x48 D:/ST/STM32CubeCLT_1.15.1/GNU-tools-for-STM32/bin/../lib/gcc/arm-none-eabi/12.3.1/../../../../arm-none-eabi/lib/thumb/v7e-m+fp/hard\libc_nano.a(libc_a-init.o)
                0x08001fac                __libc_init_array
 .text.__retarget_lock_init_recursive
                0x08001ff4        0x2 D:/ST/STM32CubeCLT_1.15.1/GNU-tools-for-STM32/bin/../lib/gcc/arm-none-eabi/12.3.1/../../../../arm-none-eabi/lib/thumb/v7e-m+fp/hard\libc_nano.a(libc_a-lock.o)
                0x08001ff4                __retarget_lock_init_recursive
 .text.__retarget_lock_acquire_recursive
                0x08001ff6        0x2 D:/ST/STM32CubeCLT_1.15.1/GNU-tools-for-STM32/bin/../lib/gcc/arm-none-eabi/12.3.1/../../../../arm-none-eabi/lib/thumb/v7e-m+fp/hard\libc_nano.a(libc_a-lock.o)
                0x08001ff6                __retarget_lock_acquire_recursive
 .text.__retarget_lock_release_recursive
                0x08001ff8        0x2 D:/ST/STM32CubeCLT_1.15.1/GNU-tools-for-STM32/bin/../lib/gcc/arm-none-eabi/12.3.1/../../../../arm-none-eabi/lib/thumb/v7e-m+fp/hard\libc_nano.a(libc_a-lock.o)
                0x08001ff8                __retarget_lock_release_recursive
 *fill*         0x08001ffa        0x2 
 .text.nanf     0x08001ffc        0xc D:/ST/STM32CubeCLT_1.15.1/GNU-tools-for-STM32/bin/../lib/gcc/arm-none-eabi/12.3.1/../../../../arm-none-eabi/lib/thumb/v7e-m+fp/hard\libc_nano.a(libm_a-sf_nan.o)
                0x08001ffc                nanf
 .text.quorem   0x08002008      0x110 D:/ST/STM32CubeCLT_1.15.1/GNU-tools-for-STM32/bin/../lib/gcc/arm-none-eabi/12.3.1/../../../../arm-none-eabi/lib/thumb/v7e-m+fp/hard\libc_nano.a(libc_a-dtoa.o)
 .text._dtoa_r  0x08002118      0xb88 D:/ST/STM32CubeCLT_1.15.1/GNU-tools-for-STM32/bin/../lib/gcc/arm-none-eabi/12.3.1/../../../../arm-none-eabi/lib/thumb/v7e-m+fp/hard\libc_nano.a(libc_a-dtoa.o)
                0x08002118                _dtoa_r
 .text._free_r  0x08002ca0       0x94 D:/ST/STM32CubeCLT_1.15.1/GNU-tools-for-STM32/bin/../lib/gcc/arm-none-eabi/12.3.1/../../../../arm-none-eabi/lib/thumb/v7e-m+fp/hard\libc_nano.a(libc_a-freer.o)
                0x08002ca0                _free_r
 .text.malloc   0x08002d34       0x10 D:/ST/STM32CubeCLT_1.15.1/GNU-tools-for-STM32/bin/../lib/gcc/arm-none-eabi/12.3.1/../../../../arm-none-eabi/lib/thumb/v7e-m+fp/hard\libc_nano.a(libc_a-malloc.o)
                0x08002d34                malloc
 .text.sbrk_aligned
                0x08002d44       0x44 D:/ST/STM32CubeCLT_1.15.1/GNU-tools-for-STM32/bin/../lib/gcc/arm-none-eabi/12.3.1/../../../../arm-none-eabi/lib/thumb/v7e-m+fp/hard\libc_nano.a(libc_a-mallocr.o)
 .text._malloc_r
                0x08002d88      0x100 D:/ST/STM32CubeCLT_1.15.1/GNU-tools-for-STM32/bin/../lib/gcc/arm-none-eabi/12.3.1/../../../../arm-none-eabi/lib/thumb/v7e-m+fp/hard\libc_nano.a(libc_a-mallocr.o)
                0x08002d88                _malloc_r
 .text.__malloc_lock
                0x08002e88        0xc D:/ST/STM32CubeCLT_1.15.1/GNU-tools-for-STM32/bin/../lib/gcc/arm-none-eabi/12.3.1/../../../../arm-none-eabi/lib/thumb/v7e-m+fp/hard\libc_nano.a(libc_a-mlock.o)
                0x08002e88                __malloc_lock
 .text.__malloc_unlock
                0x08002e94        0xc D:/ST/STM32CubeCLT_1.15.1/GNU-tools-for-STM32/bin/../lib/gcc/arm-none-eabi/12.3.1/../../../../arm-none-eabi/lib/thumb/v7e-m+fp/hard\libc_nano.a(libc_a-mlock.o)
                0x08002e94                __malloc_unlock
 .text._Balloc  0x08002ea0       0x80 D:/ST/STM32CubeCLT_1.15.1/GNU-tools-for-STM32/bin/../lib/gcc/arm-none-eabi/12.3.1/../../../../arm-none-eabi/lib/thumb/v7e-m+fp/hard\libc_nano.a(libc_a-mprec.o)
                0x08002ea0                _Balloc
 .text._Bfree   0x08002f20       0x44 D:/ST/STM32CubeCLT_1.15.1/GNU-tools-for-STM32/bin/../lib/gcc/arm-none-eabi/12.3.1/../../../../arm-none-eabi/lib/thumb/v7e-m+fp/hard\libc_nano.a(libc_a-mprec.o)
                0x08002f20                _Bfree
 .text.__multadd
                0x08002f64       0x8c D:/ST/STM32CubeCLT_1.15.1/GNU-tools-for-STM32/bin/../lib/gcc/arm-none-eabi/12.3.1/../../../../arm-none-eabi/lib/thumb/v7e-m+fp/hard\libc_nano.a(libc_a-mprec.o)
                0x08002f64                __multadd
 .text.__s2b    0x08002ff0       0x94 D:/ST/STM32CubeCLT_1.15.1/GNU-tools-for-STM32/bin/../lib/gcc/arm-none-eabi/12.3.1/../../../../arm-none-eabi/lib/thumb/v7e-m+fp/hard\libc_nano.a(libc_a-mprec.o)
                0x08002ff0                __s2b
 .text.__hi0bits
                0x08003084       0x3e D:/ST/STM32CubeCLT_1.15.1/GNU-tools-for-STM32/bin/../lib/gcc/arm-none-eabi/12.3.1/../../../../arm-none-eabi/lib/thumb/v7e-m+fp/hard\libc_nano.a(libc_a-mprec.o)
                0x08003084                __hi0bits
 .text.__lo0bits
                0x080030c2       0x5a D:/ST/STM32CubeCLT_1.15.1/GNU-tools-for-STM32/bin/../lib/gcc/arm-none-eabi/12.3.1/../../../../arm-none-eabi/lib/thumb/v7e-m+fp/hard\libc_nano.a(libc_a-mprec.o)
                0x080030c2                __lo0bits
 .text.__i2b    0x0800311c       0x2c D:/ST/STM32CubeCLT_1.15.1/GNU-tools-for-STM32/bin/../lib/gcc/arm-none-eabi/12.3.1/../../../../arm-none-eabi/lib/thumb/v7e-m+fp/hard\libc_nano.a(libc_a-mprec.o)
                0x0800311c                __i2b
 .text.__multiply
                0x08003148      0x154 D:/ST/STM32CubeCLT_1.15.1/GNU-tools-for-STM32/bin/../lib/gcc/arm-none-eabi/12.3.1/../../../../arm-none-eabi/lib/thumb/v7e-m+fp/hard\libc_nano.a(libc_a-mprec.o)
                0x08003148                __multiply
 .text.__pow5mult
                0x0800329c       0xb4 D:/ST/STM32CubeCLT_1.15.1/GNU-tools-for-STM32/bin/../lib/gcc/arm-none-eabi/12.3.1/../../../../arm-none-eabi/lib/thumb/v7e-m+fp/hard\libc_nano.a(libc_a-mprec.o)
                0x0800329c                __pow5mult
 .text.__lshift
                0x08003350       0xd8 D:/ST/STM32CubeCLT_1.15.1/GNU-tools-for-STM32/bin/../lib/gcc/arm-none-eabi/12.3.1/../../../../arm-none-eabi/lib/thumb/v7e-m+fp/hard\libc_nano.a(libc_a-mprec.o)
                0x08003350                __lshift
 .text.__mcmp   0x08003428       0x36 D:/ST/STM32CubeCLT_1.15.1/GNU-tools-for-STM32/bin/../lib/gcc/arm-none-eabi/12.3.1/../../../../arm-none-eabi/lib/thumb/v7e-m+fp/hard\libc_nano.a(libc_a-mprec.o)
                0x08003428                __mcmp
 *fill*         0x0800345e        0x2 
 .text.__mdiff  0x08003460      0x128 D:/ST/STM32CubeCLT_1.15.1/GNU-tools-for-STM32/bin/../lib/gcc/arm-none-eabi/12.3.1/../../../../arm-none-eabi/lib/thumb/v7e-m+fp/hard\libc_nano.a(libc_a-mprec.o)
                0x08003460                __mdiff
 .text.__ulp    0x08003588       0x4c D:/ST/STM32CubeCLT_1.15.1/GNU-tools-for-STM32/bin/../lib/gcc/arm-none-eabi/12.3.1/../../../../arm-none-eabi/lib/thumb/v7e-m+fp/hard\libc_nano.a(libc_a-mprec.o)
                0x08003588                __ulp
 .text.__b2d    0x080035d4       0x94 D:/ST/STM32CubeCLT_1.15.1/GNU-tools-for-STM32/bin/../lib/gcc/arm-none-eabi/12.3.1/../../../../arm-none-eabi/lib/thumb/v7e-m+fp/hard\libc_nano.a(libc_a-mprec.o)
                0x080035d4                __b2d
 .text.__d2b    0x08003668       0xb0 D:/ST/STM32CubeCLT_1.15.1/GNU-tools-for-STM32/bin/../lib/gcc/arm-none-eabi/12.3.1/../../../../arm-none-eabi/lib/thumb/v7e-m+fp/hard\libc_nano.a(libc_a-mprec.o)
                0x08003668                __d2b
 .text.__ratio  0x08003718       0x64 D:/ST/STM32CubeCLT_1.15.1/GNU-tools-for-STM32/bin/../lib/gcc/arm-none-eabi/12.3.1/../../../../arm-none-eabi/lib/thumb/v7e-m+fp/hard\libc_nano.a(libc_a-mprec.o)
                0x08003718                __ratio
 .text.__copybits
                0x0800377c       0x46 D:/ST/STM32CubeCLT_1.15.1/GNU-tools-for-STM32/bin/../lib/gcc/arm-none-eabi/12.3.1/../../../../arm-none-eabi/lib/thumb/v7e-m+fp/hard\libc_nano.a(libc_a-mprec.o)
                0x0800377c                __copybits
 .text.__any_on
                0x080037c2       0x42 D:/ST/STM32CubeCLT_1.15.1/GNU-tools-for-STM32/bin/../lib/gcc/arm-none-eabi/12.3.1/../../../../arm-none-eabi/lib/thumb/v7e-m+fp/hard\libc_nano.a(libc_a-mprec.o)
                0x080037c2                __any_on
 .text.sulp     0x08003804       0x3c D:/ST/STM32CubeCLT_1.15.1/GNU-tools-for-STM32/bin/../lib/gcc/arm-none-eabi/12.3.1/../../../../arm-none-eabi/lib/thumb/v7e-m+fp/hard\libc_nano.a(libc_a-strtod.o)
 .text._strtod_l
                0x08003840      0xbc8 D:/ST/STM32CubeCLT_1.15.1/GNU-tools-for-STM32/bin/../lib/gcc/arm-none-eabi/12.3.1/../../../../arm-none-eabi/lib/thumb/v7e-m+fp/hard\libc_nano.a(libc_a-strtod.o)
                0x08003840                _strtod_l
 .text._strtod_r
                0x08004408        0xc D:/ST/STM32CubeCLT_1.15.1/GNU-tools-for-STM32/bin/../lib/gcc/arm-none-eabi/12.3.1/../../../../arm-none-eabi/lib/thumb/v7e-m+fp/hard\libc_nano.a(libc_a-strtod.o)
                0x08004408                _strtod_r
 .text._strtol_l.constprop.0
                0x08004414       0xf4 D:/ST/STM32CubeCLT_1.15.1/GNU-tools-for-STM32/bin/../lib/gcc/arm-none-eabi/12.3.1/../../../../arm-none-eabi/lib/thumb/v7e-m+fp/hard\libc_nano.a(libc_a-strtol.o)
 .text._strtol_r
                0x08004508        0x4 D:/ST/STM32CubeCLT_1.15.1/GNU-tools-for-STM32/bin/../lib/gcc/arm-none-eabi/12.3.1/../../../../arm-none-eabi/lib/thumb/v7e-m+fp/hard\libc_nano.a(libc_a-strtol.o)
                0x08004508                _strtol_r
 .text.__ssputs_r
                0x0800450c       0xb6 D:/ST/STM32CubeCLT_1.15.1/GNU-tools-for-STM32/bin/../lib/gcc/arm-none-eabi/12.3.1/../../../../arm-none-eabi/lib/thumb/v7e-m+fp/hard\libc_nano.a(libc_a-nano-svfprintf.o)
                0x0800450c                __ssputs_r
 *fill*         0x080045c2        0x2 
 .text._svfprintf_r
                0x080045c4      0x1f8 D:/ST/STM32CubeCLT_1.15.1/GNU-tools-for-STM32/bin/../lib/gcc/arm-none-eabi/12.3.1/../../../../arm-none-eabi/lib/thumb/v7e-m+fp/hard\libc_nano.a(libc_a-nano-svfprintf.o)
                0x080045c4                _svfiprintf_r
                0x080045c4                _svfprintf_r
 .text.__sflush_r
                0x080047bc      0x108 D:/ST/STM32CubeCLT_1.15.1/GNU-tools-for-STM32/bin/../lib/gcc/arm-none-eabi/12.3.1/../../../../arm-none-eabi/lib/thumb/v7e-m+fp/hard\libc_nano.a(libc_a-fflush.o)
                0x080047bc                __sflush_r
 .text._fflush_r
                0x080048c4       0x50 D:/ST/STM32CubeCLT_1.15.1/GNU-tools-for-STM32/bin/../lib/gcc/arm-none-eabi/12.3.1/../../../../arm-none-eabi/lib/thumb/v7e-m+fp/hard\libc_nano.a(libc_a-fflush.o)
                0x080048c4                _fflush_r
 .text.memmove  0x08004914       0x34 D:/ST/STM32CubeCLT_1.15.1/GNU-tools-for-STM32/bin/../lib/gcc/arm-none-eabi/12.3.1/../../../../arm-none-eabi/lib/thumb/v7e-m+fp/hard\libc_nano.a(libc_a-memmove.o)
                0x08004914                memmove
 .text.strncmp  0x08004948       0x24 D:/ST/STM32CubeCLT_1.15.1/GNU-tools-for-STM32/bin/../lib/gcc/arm-none-eabi/12.3.1/../../../../arm-none-eabi/lib/thumb/v7e-m+fp/hard\libc_nano.a(libc_a-strncmp.o)
                0x08004948                strncmp
 .text._sbrk_r  0x0800496c       0x20 D:/ST/STM32CubeCLT_1.15.1/GNU-tools-for-STM32/bin/../lib/gcc/arm-none-eabi/12.3.1/../../../../arm-none-eabi/lib/thumb/v7e-m+fp/hard\libc_nano.a(libc_a-sbrkr.o)
                0x0800496c                _sbrk_r
 .text.__errno  0x0800498c        0xc D:/ST/STM32CubeCLT_1.15.1/GNU-tools-for-STM32/bin/../lib/gcc/arm-none-eabi/12.3.1/../../../../arm-none-eabi/lib/thumb/v7e-m+fp/hard\libc_nano.a(libc_a-errno.o)
                0x0800498c                __errno
 .text.memcpy   0x08004998       0x1c D:/ST/STM32CubeCLT_1.15.1/GNU-tools-for-STM32/bin/../lib/gcc/arm-none-eabi/12.3.1/../../../../arm-none-eabi/lib/thumb/v7e-m+fp/hard\libc_nano.a(libc_a-memcpy-stub.o)
                0x08004998                memcpy
 *fill*         0x080049b4        0x4 
 .text.nan      0x080049b8       0x10 D:/ST/STM32CubeCLT_1.15.1/GNU-tools-for-STM32/bin/../lib/gcc/arm-none-eabi/12.3.1/../../../../arm-none-eabi/lib/thumb/v7e-m+fp/hard\libc_nano.a(libm_a-s_nan.o)
                0x080049b8                nan
 .text.__assert_func
                0x080049c8       0x3c D:/ST/STM32CubeCLT_1.15.1/GNU-tools-for-STM32/bin/../lib/gcc/arm-none-eabi/12.3.1/../../../../arm-none-eabi/lib/thumb/v7e-m+fp/hard\libc_nano.a(libc_a-assert.o)
                0x080049c8                __assert_func
 .text._calloc_r
                0x08004a04       0x28 D:/ST/STM32CubeCLT_1.15.1/GNU-tools-for-STM32/bin/../lib/gcc/arm-none-eabi/12.3.1/../../../../arm-none-eabi/lib/thumb/v7e-m+fp/hard\libc_nano.a(libc_a-callocr.o)
                0x08004a04                _calloc_r
 .text.rshift   0x08004a2c       0xa4 D:/ST/STM32CubeCLT_1.15.1/GNU-tools-for-STM32/bin/../lib/gcc/arm-none-eabi/12.3.1/../../../../arm-none-eabi/lib/thumb/v7e-m+fp/hard\libc_nano.a(libc_a-gdtoa-gethex.o)
 .text.__hexdig_fun
                0x08004ad0       0x2a D:/ST/STM32CubeCLT_1.15.1/GNU-tools-for-STM32/bin/../lib/gcc/arm-none-eabi/12.3.1/../../../../arm-none-eabi/lib/thumb/v7e-m+fp/hard\libc_nano.a(libc_a-gdtoa-gethex.o)
                0x08004ad0                __hexdig_fun
 *fill*         0x08004afa        0x2 
 .text.__gethex
                0x08004afc      0x420 D:/ST/STM32CubeCLT_1.15.1/GNU-tools-for-STM32/bin/../lib/gcc/arm-none-eabi/12.3.1/../../../../arm-none-eabi/lib/thumb/v7e-m+fp/hard\libc_nano.a(libc_a-gdtoa-gethex.o)
                0x08004afc                __gethex
 .text.L_shift  0x08004f1c       0x24 D:/ST/STM32CubeCLT_1.15.1/GNU-tools-for-STM32/bin/../lib/gcc/arm-none-eabi/12.3.1/../../../../arm-none-eabi/lib/thumb/v7e-m+fp/hard\libc_nano.a(libc_a-gdtoa-hexnan.o)
 .text.__match  0x08004f40       0x28 D:/ST/STM32CubeCLT_1.15.1/GNU-tools-for-STM32/bin/../lib/gcc/arm-none-eabi/12.3.1/../../../../arm-none-eabi/lib/thumb/v7e-m+fp/hard\libc_nano.a(libc_a-gdtoa-hexnan.o)
                0x08004f40                __match
 .text.__hexnan
                0x08004f68      0x136 D:/ST/STM32CubeCLT_1.15.1/GNU-tools-for-STM32/bin/../lib/gcc/arm-none-eabi/12.3.1/../../../../arm-none-eabi/lib/thumb/v7e-m+fp/hard\libc_nano.a(libc_a-gdtoa-hexnan.o)
                0x08004f68                __hexnan
 .text.__ascii_mbtowc
                0x0800509e       0x24 D:/ST/STM32CubeCLT_1.15.1/GNU-tools-for-STM32/bin/../lib/gcc/arm-none-eabi/12.3.1/../../../../arm-none-eabi/lib/thumb/v7e-m+fp/hard\libc_nano.a(libc_a-mbtowc_r.o)
                0x0800509e                __ascii_mbtowc
 .text._realloc_r
                0x080050c2       0x5c D:/ST/STM32CubeCLT_1.15.1/GNU-tools-for-STM32/bin/../lib/gcc/arm-none-eabi/12.3.1/../../../../arm-none-eabi/lib/thumb/v7e-m+fp/hard\libc_nano.a(libc_a-reallocr.o)
                0x080050c2                _realloc_r
 .text.__ascii_wctomb
                0x0800511e       0x1a D:/ST/STM32CubeCLT_1.15.1/GNU-tools-for-STM32/bin/../lib/gcc/arm-none-eabi/12.3.1/../../../../arm-none-eabi/lib/thumb/v7e-m+fp/hard\libc_nano.a(libc_a-wctomb_r.o)
                0x0800511e                __ascii_wctomb
 .text.fprintf  0x08005138       0x24 D:/ST/STM32CubeCLT_1.15.1/GNU-tools-for-STM32/bin/../lib/gcc/arm-none-eabi/12.3.1/../../../../arm-none-eabi/lib/thumb/v7e-m+fp/hard\libc_nano.a(libc_a-fprintf.o)
                0x08005138                fiprintf
                0x08005138                fprintf
 .text.abort    0x0800515c        0xe D:/ST/STM32CubeCLT_1.15.1/GNU-tools-for-STM32/bin/../lib/gcc/arm-none-eabi/12.3.1/../../../../arm-none-eabi/lib/thumb/v7e-m+fp/hard\libc_nano.a(libc_a-abort.o)
                0x0800515c                abort
 .text._malloc_usable_size_r
                0x0800516a       0x10 D:/ST/STM32CubeCLT_1.15.1/GNU-tools-for-STM32/bin/../lib/gcc/arm-none-eabi/12.3.1/../../../../arm-none-eabi/lib/thumb/v7e-m+fp/hard\libc_nano.a(libc_a-msizer.o)
                0x0800516a                _malloc_usable_size_r
 .text.__sfputc_r
                0x0800517a       0x2e D:/ST/STM32CubeCLT_1.15.1/GNU-tools-for-STM32/bin/../lib/gcc/arm-none-eabi/12.3.1/../../../../arm-none-eabi/lib/thumb/v7e-m+fp/hard\libc_nano.a(libc_a-nano-vfprintf.o)
 .text.__sfputs_r
                0x080051a8       0x24 D:/ST/STM32CubeCLT_1.15.1/GNU-tools-for-STM32/bin/../lib/gcc/arm-none-eabi/12.3.1/../../../../arm-none-eabi/lib/thumb/v7e-m+fp/hard\libc_nano.a(libc_a-nano-vfprintf.o)
                0x080051a8                __sfputs_r
 .text._vfprintf_r
                0x080051cc      0x230 D:/ST/STM32CubeCLT_1.15.1/GNU-tools-for-STM32/bin/../lib/gcc/arm-none-eabi/12.3.1/../../../../arm-none-eabi/lib/thumb/v7e-m+fp/hard\libc_nano.a(libc_a-nano-vfprintf.o)
                0x080051cc                _vfprintf_r
                0x080051cc                _vfiprintf_r
 .text.__swbuf_r
                0x080053fc       0x7c D:/ST/STM32CubeCLT_1.15.1/GNU-tools-for-STM32/bin/../lib/gcc/arm-none-eabi/12.3.1/../../../../arm-none-eabi/lib/thumb/v7e-m+fp/hard\libc_nano.a(libc_a-wbuf.o)
                0x080053fc                __swbuf_r
 .text.__swsetup_r
                0x08005478       0xac D:/ST/STM32CubeCLT_1.15.1/GNU-tools-for-STM32/bin/../lib/gcc/arm-none-eabi/12.3.1/../../../../arm-none-eabi/lib/thumb/v7e-m+fp/hard\libc_nano.a(libc_a-wsetup.o)
                0x08005478                __swsetup_r
 .text._raise_r
                0x08005524       0x50 D:/ST/STM32CubeCLT_1.15.1/GNU-tools-for-STM32/bin/../lib/gcc/arm-none-eabi/12.3.1/../../../../arm-none-eabi/lib/thumb/v7e-m+fp/hard\libc_nano.a(libc_a-signal.o)
                0x08005524                _raise_r
 .text.raise    0x08005574       0x10 D:/ST/STM32CubeCLT_1.15.1/GNU-tools-for-STM32/bin/../lib/gcc/arm-none-eabi/12.3.1/../../../../arm-none-eabi/lib/thumb/v7e-m+fp/hard\libc_nano.a(libc_a-signal.o)
                0x08005574                raise
 .text._kill_r  0x08005584       0x24 D:/ST/STM32CubeCLT_1.15.1/GNU-tools-for-STM32/bin/../lib/gcc/arm-none-eabi/12.3.1/../../../../arm-none-eabi/lib/thumb/v7e-m+fp/hard\libc_nano.a(libc_a-signalr.o)
                0x08005584                _kill_r
 .text._getpid_r
                0x080055a8        0x4 D:/ST/STM32CubeCLT_1.15.1/GNU-tools-for-STM32/bin/../lib/gcc/arm-none-eabi/12.3.1/../../../../arm-none-eabi/lib/thumb/v7e-m+fp/hard\libc_nano.a(libc_a-signalr.o)
                0x080055a8                _getpid_r
 .text.__swhatbuf_r
                0x080055ac       0x4c D:/ST/STM32CubeCLT_1.15.1/GNU-tools-for-STM32/bin/../lib/gcc/arm-none-eabi/12.3.1/../../../../arm-none-eabi/lib/thumb/v7e-m+fp/hard\libc_nano.a(libc_a-makebuf.o)
                0x080055ac                __swhatbuf_r
 .text.__smakebuf_r
                0x080055f8       0x78 D:/ST/STM32CubeCLT_1.15.1/GNU-tools-for-STM32/bin/../lib/gcc/arm-none-eabi/12.3.1/../../../../arm-none-eabi/lib/thumb/v7e-m+fp/hard\libc_nano.a(libc_a-makebuf.o)
                0x080055f8                __smakebuf_r
 .text._fstat_r
                0x08005670       0x24 D:/ST/STM32CubeCLT_1.15.1/GNU-tools-for-STM32/bin/../lib/gcc/arm-none-eabi/12.3.1/../../../../arm-none-eabi/lib/thumb/v7e-m+fp/hard\libc_nano.a(libc_a-fstatr.o)
                0x08005670                _fstat_r
 .text._isatty_r
                0x08005694       0x20 D:/ST/STM32CubeCLT_1.15.1/GNU-tools-for-STM32/bin/../lib/gcc/arm-none-eabi/12.3.1/../../../../arm-none-eabi/lib/thumb/v7e-m+fp/hard\libc_nano.a(libc_a-isattyr.o)
                0x08005694                _isatty_r
 .text.bme280_init
                0x080056b4       0x9c CMakeFiles/31_05_2024.dir/Libraries/stm32-bme280-master/bme280.c.obj
                0x080056b4                bme280_init
 .text.bme280_compensate_temperature_int32
                0x08005750       0x90 CMakeFiles/31_05_2024.dir/Libraries/stm32-bme280-master/bme280.c.obj
                0x08005750                bme280_compensate_temperature_int32
 .text.bme280_compensate_pressure_int32
                0x080057e0      0x168 CMakeFiles/31_05_2024.dir/Libraries/stm32-bme280-master/bme280.c.obj
                0x080057e0                bme280_compensate_pressure_int32
 .text.bme280_compensate_humidity_int32
                0x08005948       0xd4 CMakeFiles/31_05_2024.dir/Libraries/stm32-bme280-master/bme280.c.obj
                0x08005948                bme280_compensate_humidity_int32
 .text.bme280_read_uncomp_pressure_temperature_humidity
                0x08005a1c       0x9c CMakeFiles/31_05_2024.dir/Libraries/stm32-bme280-master/bme280.c.obj
                0x08005a1c                bme280_read_uncomp_pressure_temperature_humidity
 .text.bme280_get_calib_param
                0x08005ab8      0x1ec CMakeFiles/31_05_2024.dir/Libraries/stm32-bme280-master/bme280.c.obj
                0x08005ab8                bme280_get_calib_param
 .text.bme280_set_oversamp_temperature
                0x08005ca4      0x17c CMakeFiles/31_05_2024.dir/Libraries/stm32-bme280-master/bme280.c.obj
                0x08005ca4                bme280_set_oversamp_temperature
 .text.bme280_set_oversamp_pressure
                0x08005e20      0x16c CMakeFiles/31_05_2024.dir/Libraries/stm32-bme280-master/bme280.c.obj
                0x08005e20                bme280_set_oversamp_pressure
 .text.bme280_set_oversamp_humidity
                0x08005f8c      0x1b4 CMakeFiles/31_05_2024.dir/Libraries/stm32-bme280-master/bme280.c.obj
                0x08005f8c                bme280_set_oversamp_humidity
 .text.bme280_get_power_mode
                0x08006140       0x58 CMakeFiles/31_05_2024.dir/Libraries/stm32-bme280-master/bme280.c.obj
                0x08006140                bme280_get_power_mode
 .text.bme280_set_power_mode
                0x08006198      0x180 CMakeFiles/31_05_2024.dir/Libraries/stm32-bme280-master/bme280.c.obj
                0x08006198                bme280_set_power_mode
 .text.bme280_set_soft_rst
                0x08006318       0x48 CMakeFiles/31_05_2024.dir/Libraries/stm32-bme280-master/bme280.c.obj
                0x08006318                bme280_set_soft_rst
 .text.bme280_set_filter
                0x08006360      0x180 CMakeFiles/31_05_2024.dir/Libraries/stm32-bme280-master/bme280.c.obj
                0x08006360                bme280_set_filter
 .text.bme280_set_standby_durn
                0x080064e0      0x178 CMakeFiles/31_05_2024.dir/Libraries/stm32-bme280-master/bme280.c.obj
                0x080064e0                bme280_set_standby_durn
 .text.bme280_write_register
                0x08006658       0x4c CMakeFiles/31_05_2024.dir/Libraries/stm32-bme280-master/bme280.c.obj
                0x08006658                bme280_write_register
 .text.bme280_read_register
                0x080066a4       0x4c CMakeFiles/31_05_2024.dir/Libraries/stm32-bme280-master/bme280.c.obj
                0x080066a4                bme280_read_register
 .text.DFRobot_ENS160_I2C_Init
                0x080066f0       0x36 CMakeFiles/31_05_2024.dir/Libraries/stm32-ens160-master/ens160.c.obj
                0x080066f0                DFRobot_ENS160_I2C_Init
 *fill*         0x08006726        0x2 
 .text.DFRobot_ENS160_I2C_Begin
                0x08006728      0x114 CMakeFiles/31_05_2024.dir/Libraries/stm32-ens160-master/ens160.c.obj
                0x08006728                DFRobot_ENS160_I2C_Begin
 .text.DFRobot_ENS160_SetPWRMode
                0x0800683c       0x3c CMakeFiles/31_05_2024.dir/Libraries/stm32-ens160-master/ens160.c.obj
                0x0800683c                DFRobot_ENS160_SetPWRMode
 .text.DFRobot_ENS160_SetINTMode
                0x08006878       0x46 CMakeFiles/31_05_2024.dir/Libraries/stm32-ens160-master/ens160.c.obj
                0x08006878                DFRobot_ENS160_SetINTMode
 .text.DFRobot_ENS160_GetStatus
                0x080068be       0x36 CMakeFiles/31_05_2024.dir/Libraries/stm32-ens160-master/ens160.c.obj
                0x080068be                DFRobot_ENS160_GetStatus
 .text.DFRobot_ENS160_GetAQI
                0x080068f4       0x36 CMakeFiles/31_05_2024.dir/Libraries/stm32-ens160-master/ens160.c.obj
                0x080068f4                DFRobot_ENS160_GetAQI
 .text.DFRobot_ENS160_GetTVOC
                0x0800692a       0x44 CMakeFiles/31_05_2024.dir/Libraries/stm32-ens160-master/ens160.c.obj
                0x0800692a                DFRobot_ENS160_GetTVOC
 .text.DFRobot_ENS160_GetECO2
                0x0800696e       0x44 CMakeFiles/31_05_2024.dir/Libraries/stm32-ens160-master/ens160.c.obj
                0x0800696e                DFRobot_ENS160_GetECO2
 *fill*         0x080069b2        0x6 
 .text.DFRobot_ENS160_SetTempAndHum
                0x080069b8       0xb8 CMakeFiles/31_05_2024.dir/Libraries/stm32-ens160-master/ens160.c.obj
                0x080069b8                DFRobot_ENS160_SetTempAndHum
 .text.read_and_print_ens160_data
                0x08006a70       0x40 CMakeFiles/31_05_2024.dir/Libraries/stm32-ens160-master/ens160.c.obj
                0x08006a70                read_and_print_ens160_data
 .text.read_soc
                0x08006ab0       0x64 CMakeFiles/31_05_2024.dir/Libraries/stm32-max17048-master/max.c.obj
                0x08006ab0                read_soc
 .text.DigitalWrite
                0x08006b14       0x24 CMakeFiles/31_05_2024.dir/Libraries/stm32-epd4in2b-master/epd4in2b.c.obj
                0x08006b14                DigitalWrite
 .text.DigitalRead
                0x08006b38       0x20 CMakeFiles/31_05_2024.dir/Libraries/stm32-epd4in2b-master/epd4in2b.c.obj
                0x08006b38                DigitalRead
 .text.SpiTransfer
                0x08006b58       0x24 CMakeFiles/31_05_2024.dir/Libraries/stm32-epd4in2b-master/epd4in2b.c.obj
                0x08006b58                SpiTransfer
 .text.DelayMs  0x08006b7c       0x16 CMakeFiles/31_05_2024.dir/Libraries/stm32-epd4in2b-master/epd4in2b.c.obj
                0x08006b7c                DelayMs
 *fill*         0x08006b92        0x2 
 .text.EpdIf_IfInit
                0x08006b94       0x98 CMakeFiles/31_05_2024.dir/Libraries/stm32-epd4in2b-master/epd4in2b.c.obj
                0x08006b94                EpdIf_IfInit
 .text.Epd_Init
                0x08006c2c      0x120 CMakeFiles/31_05_2024.dir/Libraries/stm32-epd4in2b-master/epd4in2b.c.obj
                0x08006c2c                Epd_Init
 .text.Epd_SendCommand
                0x08006d4c       0x2c CMakeFiles/31_05_2024.dir/Libraries/stm32-epd4in2b-master/epd4in2b.c.obj
                0x08006d4c                Epd_SendCommand
 .text.Epd_SendData
                0x08006d78       0x2c CMakeFiles/31_05_2024.dir/Libraries/stm32-epd4in2b-master/epd4in2b.c.obj
                0x08006d78                Epd_SendData
 .text.Epd_SendData_DMA
                0x08006da4       0x48 CMakeFiles/31_05_2024.dir/Libraries/stm32-epd4in2b-master/epd4in2b.c.obj
                0x08006da4                Epd_SendData_DMA
 .text.Epd_ReadBusy
                0x08006dec       0x30 CMakeFiles/31_05_2024.dir/Libraries/stm32-epd4in2b-master/epd4in2b.c.obj
                0x08006dec                Epd_ReadBusy
 .text.Epd_Reset
                0x08006e1c       0x52 CMakeFiles/31_05_2024.dir/Libraries/stm32-epd4in2b-master/epd4in2b.c.obj
                0x08006e1c                Epd_Reset
 .text.Epd_TurnOnDisplay
                0x08006e6e       0x2e CMakeFiles/31_05_2024.dir/Libraries/stm32-epd4in2b-master/epd4in2b.c.obj
                0x08006e6e                Epd_TurnOnDisplay
 .text.Epd_Clear
                0x08006e9c      0x146 CMakeFiles/31_05_2024.dir/Libraries/stm32-epd4in2b-master/epd4in2b.c.obj
                0x08006e9c                Epd_Clear
 .text.Epd_TurnOnDisplay_Partial
                0x08006fe2       0x2e CMakeFiles/31_05_2024.dir/Libraries/stm32-epd4in2b-master/epd4in2b.c.obj
                0x08006fe2                Epd_TurnOnDisplay_Partial
 .text.Epd_DisplayFull
                0x08007010       0xd0 CMakeFiles/31_05_2024.dir/Libraries/stm32-epd4in2b-master/epd4in2b.c.obj
                0x08007010                Epd_DisplayFull
 .text.Epd_Display_Partial_DMA
                0x080070e0      0x1dc CMakeFiles/31_05_2024.dir/Libraries/stm32-epd4in2b-master/epd4in2b.c.obj
                0x080070e0                Epd_Display_Partial_DMA
 .text.Paint_Init
                0x080072bc       0x56 CMakeFiles/31_05_2024.dir/Libraries/stm32-epd4in2b-master/epdpaint.c.obj
                0x080072bc                Paint_Init
 .text.Paint_Clear
                0x08007312       0x4c CMakeFiles/31_05_2024.dir/Libraries/stm32-epd4in2b-master/epdpaint.c.obj
                0x08007312                Paint_Clear
 .text.Paint_DrawPixel
                0x0800735e      0x130 CMakeFiles/31_05_2024.dir/Libraries/stm32-epd4in2b-master/epdpaint.c.obj
                0x0800735e                Paint_DrawPixel
 .text.Paint_DrawCharAt
                0x0800748e       0xcc CMakeFiles/31_05_2024.dir/Libraries/stm32-epd4in2b-master/epdpaint.c.obj
                0x0800748e                Paint_DrawCharAt
 .text.Paint_DrawStringAt
                0x0800755a       0x54 CMakeFiles/31_05_2024.dir/Libraries/stm32-epd4in2b-master/epdpaint.c.obj
                0x0800755a                Paint_DrawStringAt
 .text.Paint_DrawHorizontalLine
                0x080075ae       0x3c CMakeFiles/31_05_2024.dir/Libraries/stm32-epd4in2b-master/epdpaint.c.obj
                0x080075ae                Paint_DrawHorizontalLine
 .text.Paint_DrawVerticalLine
                0x080075ea       0x3c CMakeFiles/31_05_2024.dir/Libraries/stm32-epd4in2b-master/epdpaint.c.obj
                0x080075ea                Paint_DrawVerticalLine
 .text.Paint_DrawRectangle
                0x08007626       0xa6 CMakeFiles/31_05_2024.dir/Libraries/stm32-epd4in2b-master/epdpaint.c.obj
                0x08007626                Paint_DrawRectangle
 .text.Paint_DrawFilledRectangle
                0x080076cc       0x74 CMakeFiles/31_05_2024.dir/Libraries/stm32-epd4in2b-master/epdpaint.c.obj
                0x080076cc                Paint_DrawFilledRectangle
 .text.Paint_DrawLine
                0x08007740       0xb6 CMakeFiles/31_05_2024.dir/Libraries/stm32-epd4in2b-master/epdpaint.c.obj
                0x08007740                Paint_DrawLine
 .text.Paint_GetImage
                0x080077f6       0x18 CMakeFiles/31_05_2024.dir/Libraries/stm32-epd4in2b-master/epdpaint.c.obj
                0x080077f6                Paint_GetImage
 *fill*         0x0800780e        0x2 
 .text.DrawBattery
                0x08007810       0xec CMakeFiles/31_05_2024.dir/Libraries/stm32-epd4in2b-master/epdpaint.c.obj
                0x08007810                DrawBattery
 .text.Paint_DrawBitmap
                0x080078fc       0xbe CMakeFiles/31_05_2024.dir/Libraries/stm32-epd4in2b-master/epdpaint.c.obj
                0x080078fc                Paint_DrawBitmap
 .text.Paint_DrawStringAtCenter
                0x080079ba       0x50 CMakeFiles/31_05_2024.dir/Libraries/stm32-epd4in2b-master/epdpaint.c.obj
                0x080079ba                Paint_DrawStringAtCenter
 .text.Paint_DrawLineWithThickness
                0x08007a0a      0x10e CMakeFiles/31_05_2024.dir/Libraries/stm32-epd4in2b-master/epdpaint.c.obj
                0x08007a0a                Paint_DrawLineWithThickness
 .text.Paint_DrawRing
                0x08007b18       0x8c CMakeFiles/31_05_2024.dir/Libraries/stm32-epd4in2b-master/epdpaint.c.obj
                0x08007b18                Paint_DrawRing
 .text.Paint_Universal_Ring
                0x08007ba4      0x29c CMakeFiles/31_05_2024.dir/Libraries/stm32-epd4in2b-master/epdpaint.c.obj
                0x08007ba4                Paint_Universal_Ring
 .text.ShowMenu1
                0x08007e40       0x90 CMakeFiles/31_05_2024.dir/Core/Src/user_interface.c.obj
                0x08007e40                ShowMenu1
 .text.ShowMenu2
                0x08007ed0       0x20 CMakeFiles/31_05_2024.dir/Core/Src/user_interface.c.obj
                0x08007ed0                ShowMenu2
 .text.ShowMenu3
                0x08007ef0      0x130 CMakeFiles/31_05_2024.dir/Core/Src/user_interface.c.obj
                0x08007ef0                ShowMenu3
 .text.ShowMenu4
                0x08008020       0x60 CMakeFiles/31_05_2024.dir/Core/Src/user_interface.c.obj
                0x08008020                ShowMenu4
 .text.ShowMenu5
                0x08008080       0x60 CMakeFiles/31_05_2024.dir/Core/Src/user_interface.c.obj
                0x08008080                ShowMenu5
 .text.ShowMenu6
                0x080080e0       0x60 CMakeFiles/31_05_2024.dir/Core/Src/user_interface.c.obj
                0x080080e0                ShowMenu6
 .text.ShowMenu7
                0x08008140       0x60 CMakeFiles/31_05_2024.dir/Core/Src/user_interface.c.obj
                0x08008140                ShowMenu7
 .text.ShowMenu8
                0x080081a0       0x60 CMakeFiles/31_05_2024.dir/Core/Src/user_interface.c.obj
                0x080081a0                ShowMenu8
 .text.DisplayTopSection
                0x08008200      0x104 CMakeFiles/31_05_2024.dir/Core/Src/user_interface.c.obj
                0x08008200                DisplayTopSection
 .text.getMonthStr
                0x08008304       0xbc CMakeFiles/31_05_2024.dir/Core/Src/user_interface.c.obj
                0x08008304                getMonthStr
 .text.DisplayBottomSection
                0x080083c0      0x1ac CMakeFiles/31_05_2024.dir/Core/Src/user_interface.c.obj
                0x080083c0                DisplayBottomSection
 .text.getIconIndex
                0x0800856c       0x8c CMakeFiles/31_05_2024.dir/Core/Src/user_interface.c.obj
                0x0800856c                getIconIndex
 .text.__io_putchar
                0x080085f8       0x40 CMakeFiles/31_05_2024.dir/Core/Src/main.c.obj
                0x080085f8                __io_putchar
 .text.read_adc_values
                0x08008638       0xcc CMakeFiles/31_05_2024.dir/Core/Src/main.c.obj
                0x08008638                read_adc_values
 .text.get_co_ppm
                0x08008704      0x134 CMakeFiles/31_05_2024.dir/Core/Src/main.c.obj
                0x08008704                get_co_ppm
 .text.user_delay_ms
                0x08008838       0x16 CMakeFiles/31_05_2024.dir/Core/Src/main.c.obj
                0x08008838                user_delay_ms
 *fill*         0x0800884e        0x2 
 .text.print_sensor_data_bme280
                0x08008850      0x228 CMakeFiles/31_05_2024.dir/Core/Src/main.c.obj
                0x08008850                print_sensor_data_bme280
 .text.init_ens160
                0x08008a78       0x60 CMakeFiles/31_05_2024.dir/Core/Src/main.c.obj
                0x08008a78                init_ens160
 .text.user_i2c_read
                0x08008ad8       0x90 CMakeFiles/31_05_2024.dir/Core/Src/main.c.obj
                0x08008ad8                user_i2c_read
 .text.user_i2c_write
                0x08008b68       0x90 CMakeFiles/31_05_2024.dir/Core/Src/main.c.obj
                0x08008b68                user_i2c_write
 .text.main     0x08008bf8      0x8bc CMakeFiles/31_05_2024.dir/Core/Src/main.c.obj
                0x08008bf8                main
 .text.SystemClock_Config
                0x080094b4       0xc4 CMakeFiles/31_05_2024.dir/Core/Src/main.c.obj
                0x080094b4                SystemClock_Config
 .text.MX_ADC1_Init
                0x08009578      0x10c CMakeFiles/31_05_2024.dir/Core/Src/main.c.obj
 .text.MX_I2C1_Init
                0x08009684       0x80 CMakeFiles/31_05_2024.dir/Core/Src/main.c.obj
 .text.MX_RTC_Init
                0x08009704       0xb8 CMakeFiles/31_05_2024.dir/Core/Src/main.c.obj
 .text.MX_SPI1_Init
                0x080097bc       0x7c CMakeFiles/31_05_2024.dir/Core/Src/main.c.obj
 .text.MX_TIM2_Init
                0x08009838       0xa8 CMakeFiles/31_05_2024.dir/Core/Src/main.c.obj
 .text.MX_TIM3_Init
                0x080098e0       0x9c CMakeFiles/31_05_2024.dir/Core/Src/main.c.obj
 .text.MX_USART2_UART_Init
                0x0800997c       0x60 CMakeFiles/31_05_2024.dir/Core/Src/main.c.obj
 .text.MX_DMA_Init
                0x080099dc       0x4c CMakeFiles/31_05_2024.dir/Core/Src/main.c.obj
 .text.MX_GPIO_Init
                0x08009a28      0x110 CMakeFiles/31_05_2024.dir/Core/Src/main.c.obj
 .text.HAL_GPIO_EXTI_Callback
                0x08009b38       0x98 CMakeFiles/31_05_2024.dir/Core/Src/main.c.obj
                0x08009b38                HAL_GPIO_EXTI_Callback
 .text.HAL_TIM_PeriodElapsedCallback
                0x08009bd0       0x34 CMakeFiles/31_05_2024.dir/Core/Src/main.c.obj
                0x08009bd0                HAL_TIM_PeriodElapsedCallback
 .text.Error_Handler
                0x08009c04        0xe CMakeFiles/31_05_2024.dir/Core/Src/main.c.obj
                0x08009c04                Error_Handler
 .text.NMI_Handler
                0x08009c12        0x8 CMakeFiles/31_05_2024.dir/Core/Src/stm32l4xx_it.c.obj
                0x08009c12                NMI_Handler
 .text.HardFault_Handler
                0x08009c1a        0x8 CMakeFiles/31_05_2024.dir/Core/Src/stm32l4xx_it.c.obj
                0x08009c1a                HardFault_Handler
 .text.MemManage_Handler
                0x08009c22        0x8 CMakeFiles/31_05_2024.dir/Core/Src/stm32l4xx_it.c.obj
                0x08009c22                MemManage_Handler
 .text.BusFault_Handler
                0x08009c2a        0x8 CMakeFiles/31_05_2024.dir/Core/Src/stm32l4xx_it.c.obj
                0x08009c2a                BusFault_Handler
 .text.UsageFault_Handler
                0x08009c32        0x8 CMakeFiles/31_05_2024.dir/Core/Src/stm32l4xx_it.c.obj
                0x08009c32                UsageFault_Handler
 .text.SVC_Handler
                0x08009c3a        0xe CMakeFiles/31_05_2024.dir/Core/Src/stm32l4xx_it.c.obj
                0x08009c3a                SVC_Handler
 .text.DebugMon_Handler
                0x08009c48        0xe CMakeFiles/31_05_2024.dir/Core/Src/stm32l4xx_it.c.obj
                0x08009c48                DebugMon_Handler
 .text.PendSV_Handler
                0x08009c56        0xe CMakeFiles/31_05_2024.dir/Core/Src/stm32l4xx_it.c.obj
                0x08009c56                PendSV_Handler
 .text.SysTick_Handler
                0x08009c64       0x3c CMakeFiles/31_05_2024.dir/Core/Src/stm32l4xx_it.c.obj
                0x08009c64                SysTick_Handler
 .text.DMA1_Channel2_IRQHandler
                0x08009ca0       0x14 CMakeFiles/31_05_2024.dir/Core/Src/stm32l4xx_it.c.obj
                0x08009ca0                DMA1_Channel2_IRQHandler
 .text.DMA1_Channel3_IRQHandler
                0x08009cb4       0x14 CMakeFiles/31_05_2024.dir/Core/Src/stm32l4xx_it.c.obj
                0x08009cb4                DMA1_Channel3_IRQHandler
 .text.TIM2_IRQHandler
                0x08009cc8       0x14 CMakeFiles/31_05_2024.dir/Core/Src/stm32l4xx_it.c.obj
                0x08009cc8                TIM2_IRQHandler
 .text.TIM3_IRQHandler
                0x08009cdc       0x14 CMakeFiles/31_05_2024.dir/Core/Src/stm32l4xx_it.c.obj
                0x08009cdc                TIM3_IRQHandler
 .text.SPI1_IRQHandler
                0x08009cf0       0x14 CMakeFiles/31_05_2024.dir/Core/Src/stm32l4xx_it.c.obj
                0x08009cf0                SPI1_IRQHandler
 .text.EXTI15_10_IRQHandler
                0x08009d04       0x10 CMakeFiles/31_05_2024.dir/Core/Src/stm32l4xx_it.c.obj
                0x08009d04                EXTI15_10_IRQHandler
 .text.HAL_MspInit
                0x08009d14       0x48 CMakeFiles/31_05_2024.dir/Core/Src/stm32l4xx_hal_msp.c.obj
                0x08009d14                HAL_MspInit
 .text.HAL_ADC_MspInit
                0x08009d5c       0xd4 CMakeFiles/31_05_2024.dir/Core/Src/stm32l4xx_hal_msp.c.obj
                0x08009d5c                HAL_ADC_MspInit
 .text.HAL_I2C_MspInit
                0x08009e30       0xbc CMakeFiles/31_05_2024.dir/Core/Src/stm32l4xx_hal_msp.c.obj
                0x08009e30                HAL_I2C_MspInit
 .text.HAL_RTC_MspInit
                0x08009eec       0x64 CMakeFiles/31_05_2024.dir/Core/Src/stm32l4xx_hal_msp.c.obj
                0x08009eec                HAL_RTC_MspInit
 .text.HAL_SPI_MspInit
                0x08009f50      0x150 CMakeFiles/31_05_2024.dir/Core/Src/stm32l4xx_hal_msp.c.obj
                0x08009f50                HAL_SPI_MspInit
 .text.HAL_TIM_Encoder_MspInit
                0x0800a0a0       0xd0 CMakeFiles/31_05_2024.dir/Core/Src/stm32l4xx_hal_msp.c.obj
                0x0800a0a0                HAL_TIM_Encoder_MspInit
 .text.HAL_TIM_Base_MspInit
                0x0800a170       0x4c CMakeFiles/31_05_2024.dir/Core/Src/stm32l4xx_hal_msp.c.obj
                0x0800a170                HAL_TIM_Base_MspInit
 .text.HAL_UART_MspInit
                0x0800a1bc       0xb8 CMakeFiles/31_05_2024.dir/Core/Src/stm32l4xx_hal_msp.c.obj
                0x0800a1bc                HAL_UART_MspInit
 .text.SELECT   0x0800a274       0x1c CMakeFiles/31_05_2024.dir/Core/Src/fatfs_sd_card.c.obj
 .text.DESELECT
                0x0800a290       0x1c CMakeFiles/31_05_2024.dir/Core/Src/fatfs_sd_card.c.obj
 .text.SPI_TxByte
                0x0800a2ac       0x34 CMakeFiles/31_05_2024.dir/Core/Src/fatfs_sd_card.c.obj
 .text.SPI_TxBuffer
                0x0800a2e0       0x34 CMakeFiles/31_05_2024.dir/Core/Src/fatfs_sd_card.c.obj
 .text.SPI_RxByte
                0x0800a314       0x38 CMakeFiles/31_05_2024.dir/Core/Src/fatfs_sd_card.c.obj
 .text.SPI_RxBytePtr
                0x0800a34c       0x1c CMakeFiles/31_05_2024.dir/Core/Src/fatfs_sd_card.c.obj
 .text.SD_ReadyWait
                0x0800a368       0x34 CMakeFiles/31_05_2024.dir/Core/Src/fatfs_sd_card.c.obj
 .text.SD_PowerOn
                0x0800a39c       0x84 CMakeFiles/31_05_2024.dir/Core/Src/fatfs_sd_card.c.obj
 .text.SD_PowerOff
                0x0800a420       0x18 CMakeFiles/31_05_2024.dir/Core/Src/fatfs_sd_card.c.obj
 .text.SD_CheckPower
                0x0800a438       0x18 CMakeFiles/31_05_2024.dir/Core/Src/fatfs_sd_card.c.obj
 .text.SD_RxDataBlock
                0x0800a450       0x5c CMakeFiles/31_05_2024.dir/Core/Src/fatfs_sd_card.c.obj
 .text.SD_TxDataBlock
                0x0800a4ac       0x86 CMakeFiles/31_05_2024.dir/Core/Src/fatfs_sd_card.c.obj
 .text.SD_SendCmd
                0x0800a532       0xa8 CMakeFiles/31_05_2024.dir/Core/Src/fatfs_sd_card.c.obj
 *fill*         0x0800a5da        0x2 
 .text.SD_disk_initialize
                0x0800a5dc      0x1cc CMakeFiles/31_05_2024.dir/Core/Src/fatfs_sd_card.c.obj
                0x0800a5dc                SD_disk_initialize
 .text.SD_disk_status
                0x0800a7a8       0x2c CMakeFiles/31_05_2024.dir/Core/Src/fatfs_sd_card.c.obj
                0x0800a7a8                SD_disk_status
 .text.SD_disk_read
                0x0800a7d4       0xd4 CMakeFiles/31_05_2024.dir/Core/Src/fatfs_sd_card.c.obj
                0x0800a7d4                SD_disk_read
 .text.SD_disk_write
                0x0800a8a8      0x108 CMakeFiles/31_05_2024.dir/Core/Src/fatfs_sd_card.c.obj
                0x0800a8a8                SD_disk_write
 .text.SD_disk_ioctl
                0x0800a9b0      0x254 CMakeFiles/31_05_2024.dir/Core/Src/fatfs_sd_card.c.obj
                0x0800a9b0                SD_disk_ioctl
 .text.USER_initialize
                0x0800ac04       0x1c CMakeFiles/31_05_2024.dir/FATFS/Target/user_diskio.c.obj
                0x0800ac04                USER_initialize
 .text.USER_status
                0x0800ac20       0x1c CMakeFiles/31_05_2024.dir/FATFS/Target/user_diskio.c.obj
                0x0800ac20                USER_status
 .text.USER_read
                0x0800ac3c       0x26 CMakeFiles/31_05_2024.dir/FATFS/Target/user_diskio.c.obj
                0x0800ac3c                USER_read
 .text.USER_write
                0x0800ac62       0x26 CMakeFiles/31_05_2024.dir/FATFS/Target/user_diskio.c.obj
                0x0800ac62                USER_write
 .text.USER_ioctl
                0x0800ac88       0x26 CMakeFiles/31_05_2024.dir/FATFS/Target/user_diskio.c.obj
                0x0800ac88                USER_ioctl
 *fill*         0x0800acae        0x2 
 .text.MX_FATFS_Init
                0x0800acb0       0x24 CMakeFiles/31_05_2024.dir/FATFS/App/fatfs.c.obj
                0x0800acb0                MX_FATFS_Init
 .text.LL_ADC_SetCommonClock
                0x0800acd4       0x26 CMakeFiles/31_05_2024.dir/Drivers/STM32L4xx_HAL_Driver/Src/stm32l4xx_hal_adc.c.obj
 .text.LL_ADC_SetCommonPathInternalCh
                0x0800acfa       0x26 CMakeFiles/31_05_2024.dir/Drivers/STM32L4xx_HAL_Driver/Src/stm32l4xx_hal_adc.c.obj
 .text.LL_ADC_GetCommonPathInternalCh
                0x0800ad20       0x1c CMakeFiles/31_05_2024.dir/Drivers/STM32L4xx_HAL_Driver/Src/stm32l4xx_hal_adc.c.obj
 .text.LL_ADC_SetOffset
                0x0800ad3c       0x48 CMakeFiles/31_05_2024.dir/Drivers/STM32L4xx_HAL_Driver/Src/stm32l4xx_hal_adc.c.obj
 .text.LL_ADC_GetOffsetChannel
                0x0800ad84       0x2c CMakeFiles/31_05_2024.dir/Drivers/STM32L4xx_HAL_Driver/Src/stm32l4xx_hal_adc.c.obj
 .text.LL_ADC_SetOffsetState
                0x0800adb0       0x36 CMakeFiles/31_05_2024.dir/Drivers/STM32L4xx_HAL_Driver/Src/stm32l4xx_hal_adc.c.obj
 .text.LL_ADC_REG_IsTriggerSourceSWStart
                0x0800ade6       0x26 CMakeFiles/31_05_2024.dir/Drivers/STM32L4xx_HAL_Driver/Src/stm32l4xx_hal_adc.c.obj
 .text.LL_ADC_REG_SetSequencerRanks
                0x0800ae0c       0x58 CMakeFiles/31_05_2024.dir/Drivers/STM32L4xx_HAL_Driver/Src/stm32l4xx_hal_adc.c.obj
 .text.LL_ADC_SetChannelSamplingTime
                0x0800ae64       0x56 CMakeFiles/31_05_2024.dir/Drivers/STM32L4xx_HAL_Driver/Src/stm32l4xx_hal_adc.c.obj
 *fill*         0x0800aeba        0x2 
 .text.LL_ADC_SetChannelSingleDiff
                0x0800aebc       0x48 CMakeFiles/31_05_2024.dir/Drivers/STM32L4xx_HAL_Driver/Src/stm32l4xx_hal_adc.c.obj
 .text.LL_ADC_GetMultimode
                0x0800af04       0x1c CMakeFiles/31_05_2024.dir/Drivers/STM32L4xx_HAL_Driver/Src/stm32l4xx_hal_adc.c.obj
 .text.LL_ADC_GetMultiDMATransfer
                0x0800af20       0x1c CMakeFiles/31_05_2024.dir/Drivers/STM32L4xx_HAL_Driver/Src/stm32l4xx_hal_adc.c.obj
 .text.LL_ADC_DisableDeepPowerDown
                0x0800af3c       0x24 CMakeFiles/31_05_2024.dir/Drivers/STM32L4xx_HAL_Driver/Src/stm32l4xx_hal_adc.c.obj
 .text.LL_ADC_IsDeepPowerDownEnabled
                0x0800af60       0x28 CMakeFiles/31_05_2024.dir/Drivers/STM32L4xx_HAL_Driver/Src/stm32l4xx_hal_adc.c.obj
 .text.LL_ADC_EnableInternalRegulator
                0x0800af88       0x28 CMakeFiles/31_05_2024.dir/Drivers/STM32L4xx_HAL_Driver/Src/stm32l4xx_hal_adc.c.obj
 .text.LL_ADC_IsInternalRegulatorEnabled
                0x0800afb0       0x28 CMakeFiles/31_05_2024.dir/Drivers/STM32L4xx_HAL_Driver/Src/stm32l4xx_hal_adc.c.obj
 .text.LL_ADC_Enable
                0x0800afd8       0x28 CMakeFiles/31_05_2024.dir/Drivers/STM32L4xx_HAL_Driver/Src/stm32l4xx_hal_adc.c.obj
 .text.LL_ADC_IsEnabled
                0x0800b000       0x26 CMakeFiles/31_05_2024.dir/Drivers/STM32L4xx_HAL_Driver/Src/stm32l4xx_hal_adc.c.obj
 .text.LL_ADC_REG_StartConversion
                0x0800b026       0x28 CMakeFiles/31_05_2024.dir/Drivers/STM32L4xx_HAL_Driver/Src/stm32l4xx_hal_adc.c.obj
 .text.LL_ADC_REG_IsConversionOngoing
                0x0800b04e       0x26 CMakeFiles/31_05_2024.dir/Drivers/STM32L4xx_HAL_Driver/Src/stm32l4xx_hal_adc.c.obj
 .text.LL_ADC_INJ_IsConversionOngoing
                0x0800b074       0x26 CMakeFiles/31_05_2024.dir/Drivers/STM32L4xx_HAL_Driver/Src/stm32l4xx_hal_adc.c.obj
 *fill*         0x0800b09a        0x2 
 .text.HAL_ADC_Init
                0x0800b09c      0x2a0 CMakeFiles/31_05_2024.dir/Drivers/STM32L4xx_HAL_Driver/Src/stm32l4xx_hal_adc.c.obj
                0x0800b09c                HAL_ADC_Init
 .text.HAL_ADC_Start
                0x0800b33c      0x174 CMakeFiles/31_05_2024.dir/Drivers/STM32L4xx_HAL_Driver/Src/stm32l4xx_hal_adc.c.obj
                0x0800b33c                HAL_ADC_Start
 .text.HAL_ADC_PollForConversion
                0x0800b4b0      0x1b0 CMakeFiles/31_05_2024.dir/Drivers/STM32L4xx_HAL_Driver/Src/stm32l4xx_hal_adc.c.obj
                0x0800b4b0                HAL_ADC_PollForConversion
 .text.HAL_ADC_GetValue
                0x0800b660       0x1a CMakeFiles/31_05_2024.dir/Drivers/STM32L4xx_HAL_Driver/Src/stm32l4xx_hal_adc.c.obj
                0x0800b660                HAL_ADC_GetValue
 *fill*         0x0800b67a        0x2 
 .text.HAL_ADC_ConfigChannel
                0x0800b67c      0x7e4 CMakeFiles/31_05_2024.dir/Drivers/STM32L4xx_HAL_Driver/Src/stm32l4xx_hal_adc.c.obj
                0x0800b67c                HAL_ADC_ConfigChannel
 .text.ADC_Enable
                0x0800be60      0x10c CMakeFiles/31_05_2024.dir/Drivers/STM32L4xx_HAL_Driver/Src/stm32l4xx_hal_adc.c.obj
                0x0800be60                ADC_Enable
 .text.LL_ADC_IsEnabled
                0x0800bf6c       0x26 CMakeFiles/31_05_2024.dir/Drivers/STM32L4xx_HAL_Driver/Src/stm32l4xx_hal_adc_ex.c.obj
 .text.LL_ADC_REG_IsConversionOngoing
                0x0800bf92       0x26 CMakeFiles/31_05_2024.dir/Drivers/STM32L4xx_HAL_Driver/Src/stm32l4xx_hal_adc_ex.c.obj
 .text.HAL_ADCEx_MultiModeConfigChannel
                0x0800bfb8      0x160 CMakeFiles/31_05_2024.dir/Drivers/STM32L4xx_HAL_Driver/Src/stm32l4xx_hal_adc_ex.c.obj
                0x0800bfb8                HAL_ADCEx_MultiModeConfigChannel
 .text.HAL_Init
                0x0800c118       0x30 CMakeFiles/31_05_2024.dir/Drivers/STM32L4xx_HAL_Driver/Src/stm32l4xx_hal.c.obj
                0x0800c118                HAL_Init
 .text.HAL_InitTick
                0x0800c148       0x78 CMakeFiles/31_05_2024.dir/Drivers/STM32L4xx_HAL_Driver/Src/stm32l4xx_hal.c.obj
                0x0800c148                HAL_InitTick
 .text.HAL_IncTick
                0x0800c1c0       0x28 CMakeFiles/31_05_2024.dir/Drivers/STM32L4xx_HAL_Driver/Src/stm32l4xx_hal.c.obj
                0x0800c1c0                HAL_IncTick
 .text.HAL_GetTick
                0x0800c1e8       0x18 CMakeFiles/31_05_2024.dir/Drivers/STM32L4xx_HAL_Driver/Src/stm32l4xx_hal.c.obj
                0x0800c1e8                HAL_GetTick
 .text.HAL_Delay
                0x0800c200       0x48 CMakeFiles/31_05_2024.dir/Drivers/STM32L4xx_HAL_Driver/Src/stm32l4xx_hal.c.obj
                0x0800c200                HAL_Delay
 .text.HAL_RCC_OscConfig
                0x0800c248      0x7b8 CMakeFiles/31_05_2024.dir/Drivers/STM32L4xx_HAL_Driver/Src/stm32l4xx_hal_rcc.c.obj
                0x0800c248                HAL_RCC_OscConfig
 .text.HAL_RCC_ClockConfig
                0x0800ca00      0x200 CMakeFiles/31_05_2024.dir/Drivers/STM32L4xx_HAL_Driver/Src/stm32l4xx_hal_rcc.c.obj
                0x0800ca00                HAL_RCC_ClockConfig
 .text.HAL_RCC_GetSysClockFreq
                0x0800cc00      0x118 CMakeFiles/31_05_2024.dir/Drivers/STM32L4xx_HAL_Driver/Src/stm32l4xx_hal_rcc.c.obj
                0x0800cc00                HAL_RCC_GetSysClockFreq
 .text.HAL_RCC_GetHCLKFreq
                0x0800cd18       0x18 CMakeFiles/31_05_2024.dir/Drivers/STM32L4xx_HAL_Driver/Src/stm32l4xx_hal_rcc.c.obj
                0x0800cd18                HAL_RCC_GetHCLKFreq
 .text.HAL_RCC_GetPCLK1Freq
                0x0800cd30       0x2c CMakeFiles/31_05_2024.dir/Drivers/STM32L4xx_HAL_Driver/Src/stm32l4xx_hal_rcc.c.obj
                0x0800cd30                HAL_RCC_GetPCLK1Freq
 .text.HAL_RCC_GetPCLK2Freq
                0x0800cd5c       0x2c CMakeFiles/31_05_2024.dir/Drivers/STM32L4xx_HAL_Driver/Src/stm32l4xx_hal_rcc.c.obj
                0x0800cd5c                HAL_RCC_GetPCLK2Freq
 .text.RCC_SetFlashLatencyFromMSIRange
                0x0800cd88       0xc0 CMakeFiles/31_05_2024.dir/Drivers/STM32L4xx_HAL_Driver/Src/stm32l4xx_hal_rcc.c.obj
 .text.HAL_RCCEx_PeriphCLKConfig
                0x0800ce48      0x5d4 CMakeFiles/31_05_2024.dir/Drivers/STM32L4xx_HAL_Driver/Src/stm32l4xx_hal_rcc_ex.c.obj
                0x0800ce48                HAL_RCCEx_PeriphCLKConfig
 .text.HAL_RCCEx_EnableMSIPLLMode
                0x0800d41c       0x20 CMakeFiles/31_05_2024.dir/Drivers/STM32L4xx_HAL_Driver/Src/stm32l4xx_hal_rcc_ex.c.obj
                0x0800d41c                HAL_RCCEx_EnableMSIPLLMode
 .text.RCCEx_PLLSAI1_Config
                0x0800d43c      0x1e8 CMakeFiles/31_05_2024.dir/Drivers/STM32L4xx_HAL_Driver/Src/stm32l4xx_hal_rcc_ex.c.obj
 .text.RCCEx_PLLSAI2_Config
                0x0800d624      0x1bc CMakeFiles/31_05_2024.dir/Drivers/STM32L4xx_HAL_Driver/Src/stm32l4xx_hal_rcc_ex.c.obj
 .text.HAL_GPIO_Init
                0x0800d7e0      0x354 CMakeFiles/31_05_2024.dir/Drivers/STM32L4xx_HAL_Driver/Src/stm32l4xx_hal_gpio.c.obj
                0x0800d7e0                HAL_GPIO_Init
 .text.HAL_GPIO_ReadPin
                0x0800db34       0x30 CMakeFiles/31_05_2024.dir/Drivers/STM32L4xx_HAL_Driver/Src/stm32l4xx_hal_gpio.c.obj
                0x0800db34                HAL_GPIO_ReadPin
 .text.HAL_GPIO_WritePin
                0x0800db64       0x30 CMakeFiles/31_05_2024.dir/Drivers/STM32L4xx_HAL_Driver/Src/stm32l4xx_hal_gpio.c.obj
                0x0800db64                HAL_GPIO_WritePin
 .text.HAL_GPIO_EXTI_IRQHandler
                0x0800db94       0x30 CMakeFiles/31_05_2024.dir/Drivers/STM32L4xx_HAL_Driver/Src/stm32l4xx_hal_gpio.c.obj
                0x0800db94                HAL_GPIO_EXTI_IRQHandler
 .text.HAL_I2C_Init
                0x0800dbc4      0x136 CMakeFiles/31_05_2024.dir/Drivers/STM32L4xx_HAL_Driver/Src/stm32l4xx_hal_i2c.c.obj
                0x0800dbc4                HAL_I2C_Init
 *fill*         0x0800dcfa        0x2 
 .text.HAL_I2C_Mem_Write
                0x0800dcfc      0x228 CMakeFiles/31_05_2024.dir/Drivers/STM32L4xx_HAL_Driver/Src/stm32l4xx_hal_i2c.c.obj
                0x0800dcfc                HAL_I2C_Mem_Write
 .text.HAL_I2C_Mem_Read
                0x0800df24      0x234 CMakeFiles/31_05_2024.dir/Drivers/STM32L4xx_HAL_Driver/Src/stm32l4xx_hal_i2c.c.obj
                0x0800df24                HAL_I2C_Mem_Read
 .text.HAL_I2C_IsDeviceReady
                0x0800e158      0x212 CMakeFiles/31_05_2024.dir/Drivers/STM32L4xx_HAL_Driver/Src/stm32l4xx_hal_i2c.c.obj
                0x0800e158                HAL_I2C_IsDeviceReady
 *fill*         0x0800e36a        0x2 
 .text.I2C_RequestMemoryWrite
                0x0800e36c       0xa8 CMakeFiles/31_05_2024.dir/Drivers/STM32L4xx_HAL_Driver/Src/stm32l4xx_hal_i2c.c.obj
 .text.I2C_RequestMemoryRead
                0x0800e414       0xa8 CMakeFiles/31_05_2024.dir/Drivers/STM32L4xx_HAL_Driver/Src/stm32l4xx_hal_i2c.c.obj
 .text.I2C_Flush_TXDR
                0x0800e4bc       0x48 CMakeFiles/31_05_2024.dir/Drivers/STM32L4xx_HAL_Driver/Src/stm32l4xx_hal_i2c.c.obj
 .text.I2C_WaitOnFlagUntilTimeout
                0x0800e504       0x9e CMakeFiles/31_05_2024.dir/Drivers/STM32L4xx_HAL_Driver/Src/stm32l4xx_hal_i2c.c.obj
 .text.I2C_WaitOnTXISFlagUntilTimeout
                0x0800e5a2       0x8e CMakeFiles/31_05_2024.dir/Drivers/STM32L4xx_HAL_Driver/Src/stm32l4xx_hal_i2c.c.obj
 .text.I2C_WaitOnSTOPFlagUntilTimeout
                0x0800e630       0x86 CMakeFiles/31_05_2024.dir/Drivers/STM32L4xx_HAL_Driver/Src/stm32l4xx_hal_i2c.c.obj
 *fill*         0x0800e6b6        0x2 
 .text.I2C_IsErrorOccurred
                0x0800e6b8      0x1c0 CMakeFiles/31_05_2024.dir/Drivers/STM32L4xx_HAL_Driver/Src/stm32l4xx_hal_i2c.c.obj
 .text.I2C_TransferConfig
                0x0800e878       0x64 CMakeFiles/31_05_2024.dir/Drivers/STM32L4xx_HAL_Driver/Src/stm32l4xx_hal_i2c.c.obj
 .text.HAL_I2CEx_ConfigAnalogFilter
                0x0800e8dc       0x96 CMakeFiles/31_05_2024.dir/Drivers/STM32L4xx_HAL_Driver/Src/stm32l4xx_hal_i2c_ex.c.obj
                0x0800e8dc                HAL_I2CEx_ConfigAnalogFilter
 .text.HAL_I2CEx_ConfigDigitalFilter
                0x0800e972       0x98 CMakeFiles/31_05_2024.dir/Drivers/STM32L4xx_HAL_Driver/Src/stm32l4xx_hal_i2c_ex.c.obj
                0x0800e972                HAL_I2CEx_ConfigDigitalFilter
 *fill*         0x0800ea0a        0x2 
 .text.HAL_DMA_Init
                0x0800ea0c      0x170 CMakeFiles/31_05_2024.dir/Drivers/STM32L4xx_HAL_Driver/Src/stm32l4xx_hal_dma.c.obj
                0x0800ea0c                HAL_DMA_Init
 .text.HAL_DMA_Start_IT
                0x0800eb7c       0xc0 CMakeFiles/31_05_2024.dir/Drivers/STM32L4xx_HAL_Driver/Src/stm32l4xx_hal_dma.c.obj
                0x0800eb7c                HAL_DMA_Start_IT
 .text.HAL_DMA_Abort_IT
                0x0800ec3c       0x82 CMakeFiles/31_05_2024.dir/Drivers/STM32L4xx_HAL_Driver/Src/stm32l4xx_hal_dma.c.obj
                0x0800ec3c                HAL_DMA_Abort_IT
 .text.HAL_DMA_IRQHandler
                0x0800ecbe      0x15e CMakeFiles/31_05_2024.dir/Drivers/STM32L4xx_HAL_Driver/Src/stm32l4xx_hal_dma.c.obj
                0x0800ecbe                HAL_DMA_IRQHandler
 .text.DMA_SetConfig
                0x0800ee1c       0x60 CMakeFiles/31_05_2024.dir/Drivers/STM32L4xx_HAL_Driver/Src/stm32l4xx_hal_dma.c.obj
 .text.HAL_PWR_EnableBkUpAccess
                0x0800ee7c       0x20 CMakeFiles/31_05_2024.dir/Drivers/STM32L4xx_HAL_Driver/Src/stm32l4xx_hal_pwr.c.obj
                0x0800ee7c                HAL_PWR_EnableBkUpAccess
 .text.HAL_PWREx_GetVoltageRange
                0x0800ee9c       0x1c CMakeFiles/31_05_2024.dir/Drivers/STM32L4xx_HAL_Driver/Src/stm32l4xx_hal_pwr_ex.c.obj
                0x0800ee9c                HAL_PWREx_GetVoltageRange
 .text.HAL_PWREx_ControlVoltageScaling
                0x0800eeb8       0xac CMakeFiles/31_05_2024.dir/Drivers/STM32L4xx_HAL_Driver/Src/stm32l4xx_hal_pwr_ex.c.obj
                0x0800eeb8                HAL_PWREx_ControlVoltageScaling
 .text.__NVIC_SetPriorityGrouping
                0x0800ef64       0x48 CMakeFiles/31_05_2024.dir/Drivers/STM32L4xx_HAL_Driver/Src/stm32l4xx_hal_cortex.c.obj
 .text.__NVIC_GetPriorityGrouping
                0x0800efac       0x1c CMakeFiles/31_05_2024.dir/Drivers/STM32L4xx_HAL_Driver/Src/stm32l4xx_hal_cortex.c.obj
 .text.__NVIC_EnableIRQ
                0x0800efc8       0x3c CMakeFiles/31_05_2024.dir/Drivers/STM32L4xx_HAL_Driver/Src/stm32l4xx_hal_cortex.c.obj
 .text.__NVIC_SetPriority
                0x0800f004       0x54 CMakeFiles/31_05_2024.dir/Drivers/STM32L4xx_HAL_Driver/Src/stm32l4xx_hal_cortex.c.obj
 .text.NVIC_EncodePriority
                0x0800f058       0x66 CMakeFiles/31_05_2024.dir/Drivers/STM32L4xx_HAL_Driver/Src/stm32l4xx_hal_cortex.c.obj
 *fill*         0x0800f0be        0x2 
 .text.SysTick_Config
                0x0800f0c0       0x44 CMakeFiles/31_05_2024.dir/Drivers/STM32L4xx_HAL_Driver/Src/stm32l4xx_hal_cortex.c.obj
 .text.HAL_NVIC_SetPriorityGrouping
                0x0800f104       0x16 CMakeFiles/31_05_2024.dir/Drivers/STM32L4xx_HAL_Driver/Src/stm32l4xx_hal_cortex.c.obj
                0x0800f104                HAL_NVIC_SetPriorityGrouping
 .text.HAL_NVIC_SetPriority
                0x0800f11a       0x38 CMakeFiles/31_05_2024.dir/Drivers/STM32L4xx_HAL_Driver/Src/stm32l4xx_hal_cortex.c.obj
                0x0800f11a                HAL_NVIC_SetPriority
 .text.HAL_NVIC_EnableIRQ
                0x0800f152       0x1c CMakeFiles/31_05_2024.dir/Drivers/STM32L4xx_HAL_Driver/Src/stm32l4xx_hal_cortex.c.obj
                0x0800f152                HAL_NVIC_EnableIRQ
 .text.HAL_SYSTICK_Config
                0x0800f16e       0x18 CMakeFiles/31_05_2024.dir/Drivers/STM32L4xx_HAL_Driver/Src/stm32l4xx_hal_cortex.c.obj
                0x0800f16e                HAL_SYSTICK_Config
 .text.HAL_RTC_Init
                0x0800f186      0x110 CMakeFiles/31_05_2024.dir/Drivers/STM32L4xx_HAL_Driver/Src/stm32l4xx_hal_rtc.c.obj
                0x0800f186                HAL_RTC_Init
 .text.HAL_RTC_SetTime
                0x0800f296      0x13a CMakeFiles/31_05_2024.dir/Drivers/STM32L4xx_HAL_Driver/Src/stm32l4xx_hal_rtc.c.obj
                0x0800f296                HAL_RTC_SetTime
 .text.HAL_RTC_GetTime
                0x0800f3d0       0xb8 CMakeFiles/31_05_2024.dir/Drivers/STM32L4xx_HAL_Driver/Src/stm32l4xx_hal_rtc.c.obj
                0x0800f3d0                HAL_RTC_GetTime
 .text.HAL_RTC_SetDate
                0x0800f488      0x10e CMakeFiles/31_05_2024.dir/Drivers/STM32L4xx_HAL_Driver/Src/stm32l4xx_hal_rtc.c.obj
                0x0800f488                HAL_RTC_SetDate
 .text.HAL_RTC_GetDate
                0x0800f596       0x9a CMakeFiles/31_05_2024.dir/Drivers/STM32L4xx_HAL_Driver/Src/stm32l4xx_hal_rtc.c.obj
                0x0800f596                HAL_RTC_GetDate
 .text.HAL_RTC_WaitForSynchro
                0x0800f630       0x48 CMakeFiles/31_05_2024.dir/Drivers/STM32L4xx_HAL_Driver/Src/stm32l4xx_hal_rtc.c.obj
                0x0800f630                HAL_RTC_WaitForSynchro
 .text.RTC_EnterInitMode
                0x0800f678       0x66 CMakeFiles/31_05_2024.dir/Drivers/STM32L4xx_HAL_Driver/Src/stm32l4xx_hal_rtc.c.obj
                0x0800f678                RTC_EnterInitMode
 *fill*         0x0800f6de        0x2 
 .text.RTC_ExitInitMode
                0x0800f6e0       0x7c CMakeFiles/31_05_2024.dir/Drivers/STM32L4xx_HAL_Driver/Src/stm32l4xx_hal_rtc.c.obj
                0x0800f6e0                RTC_ExitInitMode
 .text.RTC_ByteToBcd2
                0x0800f75c       0x40 CMakeFiles/31_05_2024.dir/Drivers/STM32L4xx_HAL_Driver/Src/stm32l4xx_hal_rtc.c.obj
                0x0800f75c                RTC_ByteToBcd2
 .text.RTC_Bcd2ToByte
                0x0800f79c       0x34 CMakeFiles/31_05_2024.dir/Drivers/STM32L4xx_HAL_Driver/Src/stm32l4xx_hal_rtc.c.obj
                0x0800f79c                RTC_Bcd2ToByte
 .text.HAL_SPI_Init
                0x0800f7d0      0x146 CMakeFiles/31_05_2024.dir/Drivers/STM32L4xx_HAL_Driver/Src/stm32l4xx_hal_spi.c.obj
                0x0800f7d0                HAL_SPI_Init
 .text.HAL_SPI_Transmit
                0x0800f916      0x2ea CMakeFiles/31_05_2024.dir/Drivers/STM32L4xx_HAL_Driver/Src/stm32l4xx_hal_spi.c.obj
                0x0800f916                HAL_SPI_Transmit
 .text.HAL_SPI_TransmitReceive
                0x0800fc00      0x444 CMakeFiles/31_05_2024.dir/Drivers/STM32L4xx_HAL_Driver/Src/stm32l4xx_hal_spi.c.obj
                0x0800fc00                HAL_SPI_TransmitReceive
 .text.HAL_SPI_Transmit_DMA
                0x08010044      0x1e0 CMakeFiles/31_05_2024.dir/Drivers/STM32L4xx_HAL_Driver/Src/stm32l4xx_hal_spi.c.obj
                0x08010044                HAL_SPI_Transmit_DMA
 .text.HAL_SPI_IRQHandler
                0x08010224      0x1e8 CMakeFiles/31_05_2024.dir/Drivers/STM32L4xx_HAL_Driver/Src/stm32l4xx_hal_spi.c.obj
                0x08010224                HAL_SPI_IRQHandler
 .text.HAL_SPI_TxCpltCallback
                0x0801040c       0x14 CMakeFiles/31_05_2024.dir/Drivers/STM32L4xx_HAL_Driver/Src/stm32l4xx_hal_spi.c.obj
                0x0801040c                HAL_SPI_TxCpltCallback
 .text.HAL_SPI_TxHalfCpltCallback
                0x08010420       0x14 CMakeFiles/31_05_2024.dir/Drivers/STM32L4xx_HAL_Driver/Src/stm32l4xx_hal_spi.c.obj
                0x08010420                HAL_SPI_TxHalfCpltCallback
 .text.HAL_SPI_ErrorCallback
                0x08010434       0x14 CMakeFiles/31_05_2024.dir/Drivers/STM32L4xx_HAL_Driver/Src/stm32l4xx_hal_spi.c.obj
                0x08010434                HAL_SPI_ErrorCallback
 .text.HAL_SPI_GetState
                0x08010448       0x1c CMakeFiles/31_05_2024.dir/Drivers/STM32L4xx_HAL_Driver/Src/stm32l4xx_hal_spi.c.obj
                0x08010448                HAL_SPI_GetState
 .text.SPI_DMATransmitCplt
                0x08010464       0xa6 CMakeFiles/31_05_2024.dir/Drivers/STM32L4xx_HAL_Driver/Src/stm32l4xx_hal_spi.c.obj
 .text.SPI_DMAHalfTransmitCplt
                0x0801050a       0x1c CMakeFiles/31_05_2024.dir/Drivers/STM32L4xx_HAL_Driver/Src/stm32l4xx_hal_spi.c.obj
 .text.SPI_DMAError
                0x08010526       0x40 CMakeFiles/31_05_2024.dir/Drivers/STM32L4xx_HAL_Driver/Src/stm32l4xx_hal_spi.c.obj
 .text.SPI_DMAAbortOnError
                0x08010566       0x2a CMakeFiles/31_05_2024.dir/Drivers/STM32L4xx_HAL_Driver/Src/stm32l4xx_hal_spi.c.obj
 .text.SPI_WaitFlagStateUntilTimeout
                0x08010590      0x110 CMakeFiles/31_05_2024.dir/Drivers/STM32L4xx_HAL_Driver/Src/stm32l4xx_hal_spi.c.obj
 .text.SPI_WaitFifoStateUntilTimeout
                0x080106a0      0x12c CMakeFiles/31_05_2024.dir/Drivers/STM32L4xx_HAL_Driver/Src/stm32l4xx_hal_spi.c.obj
 .text.SPI_EndRxTxTransaction
                0x080107cc       0x8c CMakeFiles/31_05_2024.dir/Drivers/STM32L4xx_HAL_Driver/Src/stm32l4xx_hal_spi.c.obj
 .text.HAL_TIM_Base_Init
                0x08010858       0xae CMakeFiles/31_05_2024.dir/Drivers/STM32L4xx_HAL_Driver/Src/stm32l4xx_hal_tim.c.obj
                0x08010858                HAL_TIM_Base_Init
 *fill*         0x08010906        0x2 
 .text.HAL_TIM_Base_Start_IT
                0x08010908       0xe0 CMakeFiles/31_05_2024.dir/Drivers/STM32L4xx_HAL_Driver/Src/stm32l4xx_hal_tim.c.obj
                0x08010908                HAL_TIM_Base_Start_IT
 .text.HAL_TIM_Base_Stop_IT
                0x080109e8       0x5e CMakeFiles/31_05_2024.dir/Drivers/STM32L4xx_HAL_Driver/Src/stm32l4xx_hal_tim.c.obj
                0x080109e8                HAL_TIM_Base_Stop_IT
 .text.HAL_TIM_Encoder_Init
                0x08010a46      0x14c CMakeFiles/31_05_2024.dir/Drivers/STM32L4xx_HAL_Driver/Src/stm32l4xx_hal_tim.c.obj
                0x08010a46                HAL_TIM_Encoder_Init
 .text.HAL_TIM_Encoder_Start
                0x08010b92      0x11c CMakeFiles/31_05_2024.dir/Drivers/STM32L4xx_HAL_Driver/Src/stm32l4xx_hal_tim.c.obj
                0x08010b92                HAL_TIM_Encoder_Start
 .text.HAL_TIM_IRQHandler
                0x08010cae      0x204 CMakeFiles/31_05_2024.dir/Drivers/STM32L4xx_HAL_Driver/Src/stm32l4xx_hal_tim.c.obj
                0x08010cae                HAL_TIM_IRQHandler
 .text.HAL_TIM_ConfigClockSource
                0x08010eb2      0x192 CMakeFiles/31_05_2024.dir/Drivers/STM32L4xx_HAL_Driver/Src/stm32l4xx_hal_tim.c.obj
                0x08010eb2                HAL_TIM_ConfigClockSource
 .text.HAL_TIM_OC_DelayElapsedCallback
                0x08011044       0x14 CMakeFiles/31_05_2024.dir/Drivers/STM32L4xx_HAL_Driver/Src/stm32l4xx_hal_tim.c.obj
                0x08011044                HAL_TIM_OC_DelayElapsedCallback
 .text.HAL_TIM_IC_CaptureCallback
                0x08011058       0x14 CMakeFiles/31_05_2024.dir/Drivers/STM32L4xx_HAL_Driver/Src/stm32l4xx_hal_tim.c.obj
                0x08011058                HAL_TIM_IC_CaptureCallback
 .text.HAL_TIM_PWM_PulseFinishedCallback
                0x0801106c       0x14 CMakeFiles/31_05_2024.dir/Drivers/STM32L4xx_HAL_Driver/Src/stm32l4xx_hal_tim.c.obj
                0x0801106c                HAL_TIM_PWM_PulseFinishedCallback
 .text.HAL_TIM_TriggerCallback
                0x08011080       0x14 CMakeFiles/31_05_2024.dir/Drivers/STM32L4xx_HAL_Driver/Src/stm32l4xx_hal_tim.c.obj
                0x08011080                HAL_TIM_TriggerCallback
 .text.TIM_Base_SetConfig
                0x08011094      0x134 CMakeFiles/31_05_2024.dir/Drivers/STM32L4xx_HAL_Driver/Src/stm32l4xx_hal_tim.c.obj
                0x08011094                TIM_Base_SetConfig
 .text.TIM_TI1_ConfigInputStage
                0x080111c8       0x5e CMakeFiles/31_05_2024.dir/Drivers/STM32L4xx_HAL_Driver/Src/stm32l4xx_hal_tim.c.obj
 .text.TIM_TI2_ConfigInputStage
                0x08011226       0x60 CMakeFiles/31_05_2024.dir/Drivers/STM32L4xx_HAL_Driver/Src/stm32l4xx_hal_tim.c.obj
 .text.TIM_ITRx_SetConfig
                0x08011286       0x36 CMakeFiles/31_05_2024.dir/Drivers/STM32L4xx_HAL_Driver/Src/stm32l4xx_hal_tim.c.obj
 .text.TIM_ETR_SetConfig
                0x080112bc       0x40 CMakeFiles/31_05_2024.dir/Drivers/STM32L4xx_HAL_Driver/Src/stm32l4xx_hal_tim.c.obj
                0x080112bc                TIM_ETR_SetConfig
 .text.TIM_CCxChannelCmd
                0x080112fc       0x4a CMakeFiles/31_05_2024.dir/Drivers/STM32L4xx_HAL_Driver/Src/stm32l4xx_hal_tim.c.obj
                0x080112fc                TIM_CCxChannelCmd
 *fill*         0x08011346        0x2 
 .text.HAL_TIMEx_MasterConfigSynchronization
                0x08011348      0x110 CMakeFiles/31_05_2024.dir/Drivers/STM32L4xx_HAL_Driver/Src/stm32l4xx_hal_tim_ex.c.obj
                0x08011348                HAL_TIMEx_MasterConfigSynchronization
 .text.HAL_TIMEx_CommutCallback
                0x08011458       0x14 CMakeFiles/31_05_2024.dir/Drivers/STM32L4xx_HAL_Driver/Src/stm32l4xx_hal_tim_ex.c.obj
                0x08011458                HAL_TIMEx_CommutCallback
 .text.HAL_TIMEx_BreakCallback
                0x0801146c       0x14 CMakeFiles/31_05_2024.dir/Drivers/STM32L4xx_HAL_Driver/Src/stm32l4xx_hal_tim_ex.c.obj
                0x0801146c                HAL_TIMEx_BreakCallback
 .text.HAL_TIMEx_Break2Callback
                0x08011480       0x14 CMakeFiles/31_05_2024.dir/Drivers/STM32L4xx_HAL_Driver/Src/stm32l4xx_hal_tim_ex.c.obj
                0x08011480                HAL_TIMEx_Break2Callback
 .text.HAL_UART_Init
                0x08011494       0x9c CMakeFiles/31_05_2024.dir/Drivers/STM32L4xx_HAL_Driver/Src/stm32l4xx_hal_uart.c.obj
                0x08011494                HAL_UART_Init
 .text.HAL_UART_Transmit
                0x08011530      0x112 CMakeFiles/31_05_2024.dir/Drivers/STM32L4xx_HAL_Driver/Src/stm32l4xx_hal_uart.c.obj
                0x08011530                HAL_UART_Transmit
 *fill*         0x08011642        0x2 
 .text.UART_SetConfig
                0x08011644      0x570 CMakeFiles/31_05_2024.dir/Drivers/STM32L4xx_HAL_Driver/Src/stm32l4xx_hal_uart.c.obj
                0x08011644                UART_SetConfig
 .text.UART_AdvFeatureConfig
                0x08011bb4      0x144 CMakeFiles/31_05_2024.dir/Drivers/STM32L4xx_HAL_Driver/Src/stm32l4xx_hal_uart.c.obj
                0x08011bb4                UART_AdvFeatureConfig
 .text.UART_CheckIdleState
                0x08011cf8      0x150 CMakeFiles/31_05_2024.dir/Drivers/STM32L4xx_HAL_Driver/Src/stm32l4xx_hal_uart.c.obj
                0x08011cf8                UART_CheckIdleState
 .text.UART_WaitOnFlagUntilTimeout
                0x08011e48       0xce CMakeFiles/31_05_2024.dir/Drivers/STM32L4xx_HAL_Driver/Src/stm32l4xx_hal_uart.c.obj
                0x08011e48                UART_WaitOnFlagUntilTimeout
 .text.UART_EndRxTransfer
                0x08011f16       0xc8 CMakeFiles/31_05_2024.dir/Drivers/STM32L4xx_HAL_Driver/Src/stm32l4xx_hal_uart.c.obj
 *fill*         0x08011fde        0x2 
 .text.SystemInit
                0x08011fe0       0x24 CMakeFiles/31_05_2024.dir/Core/Src/system_stm32l4xx.c.obj
                0x08011fe0                SystemInit
 .text.FATFS_LinkDriverEx
                0x08012004       0x98 CMakeFiles/31_05_2024.dir/Middlewares/Third_Party/FatFs/src/ff_gen_drv.c.obj
                0x08012004                FATFS_LinkDriverEx
 .text.FATFS_LinkDriver
                0x0801209c       0x1e CMakeFiles/31_05_2024.dir/Middlewares/Third_Party/FatFs/src/ff_gen_drv.c.obj
                0x0801209c                FATFS_LinkDriver
 *fill*         0x080120ba        0x2 
 .text._sbrk    0x080120bc       0x6c CMakeFiles/31_05_2024.dir/Core/Src/sysmem.c.obj
                0x080120bc                _sbrk
 .text._getpid  0x08012128       0x10 CMakeFiles/31_05_2024.dir/Core/Src/syscalls.c.obj
                0x08012128                _getpid
 .text._kill    0x08012138       0x20 CMakeFiles/31_05_2024.dir/Core/Src/syscalls.c.obj
                0x08012138                _kill
 .text._exit    0x08012158       0x16 CMakeFiles/31_05_2024.dir/Core/Src/syscalls.c.obj
                0x08012158                _exit
 .text._read    0x0801216e       0x3a CMakeFiles/31_05_2024.dir/Core/Src/syscalls.c.obj
                0x0801216e                _read
 .text._write   0x080121a8       0x38 CMakeFiles/31_05_2024.dir/Core/Src/syscalls.c.obj
                0x080121a8                _write
 .text._close   0x080121e0       0x18 CMakeFiles/31_05_2024.dir/Core/Src/syscalls.c.obj
                0x080121e0                _close
 .text._fstat   0x080121f8       0x20 CMakeFiles/31_05_2024.dir/Core/Src/syscalls.c.obj
                0x080121f8                _fstat
 .text._isatty  0x08012218       0x16 CMakeFiles/31_05_2024.dir/Core/Src/syscalls.c.obj
                0x08012218                _isatty
 .text._lseek   0x0801222e       0x1a CMakeFiles/31_05_2024.dir/Core/Src/syscalls.c.obj
                0x0801222e                _lseek
 .text.Reset_Handler
                0x08012248       0x50 CMakeFiles/31_05_2024.dir/startup_stm32l476xx.s.obj
                0x08012248                Reset_Handler
 .text.Default_Handler
                0x08012298        0x2 CMakeFiles/31_05_2024.dir/startup_stm32l476xx.s.obj
                0x08012298                RTC_Alarm_IRQHandler
                0x08012298                EXTI2_IRQHandler
                0x08012298                TIM8_TRG_COM_IRQHandler
                0x08012298                TIM8_CC_IRQHandler
                0x08012298                TIM1_CC_IRQHandler
                0x08012298                TSC_IRQHandler
                0x08012298                TAMP_STAMP_IRQHandler
                0x08012298                EXTI3_IRQHandler
                0x08012298                LPTIM2_IRQHandler
                0x08012298                DFSDM1_FLT1_IRQHandler
                0x08012298                I2C3_ER_IRQHandler
                0x08012298                DFSDM1_FLT2_IRQHandler
                0x08012298                EXTI0_IRQHandler
                0x08012298                I2C2_EV_IRQHandler
                0x08012298                CAN1_RX0_IRQHandler
                0x08012298                FPU_IRQHandler
                0x08012298                TIM1_UP_TIM16_IRQHandler
                0x08012298                ADC1_2_IRQHandler
                0x08012298                TIM6_DAC_IRQHandler
                0x08012298                TIM8_UP_IRQHandler
                0x08012298                DMA2_Channel2_IRQHandler
                0x08012298                DMA1_Channel4_IRQHandler
                0x08012298                SAI2_IRQHandler
                0x08012298                DFSDM1_FLT3_IRQHandler
                0x08012298                USART3_IRQHandler
                0x08012298                DMA1_Channel7_IRQHandler
                0x08012298                CAN1_RX1_IRQHandler
                0x08012298                LCD_IRQHandler
                0x08012298                UART5_IRQHandler
                0x08012298                ADC3_IRQHandler
                0x08012298                TIM4_IRQHandler
                0x08012298                DMA2_Channel1_IRQHandler
                0x08012298                QUADSPI_IRQHandler
                0x08012298                I2C1_EV_IRQHandler
                0x08012298                DMA1_Channel6_IRQHandler
                0x08012298                UART4_IRQHandler
                0x08012298                DMA2_Channel4_IRQHandler
                0x08012298                RCC_IRQHandler
                0x08012298                DMA1_Channel1_IRQHandler
                0x08012298                Default_Handler
                0x08012298                DMA2_Channel7_IRQHandler
                0x08012298                TIM7_IRQHandler
                0x08012298                SDMMC1_IRQHandler
                0x08012298                TIM5_IRQHandler
                0x08012298                I2C3_EV_IRQHandler
                0x08012298                EXTI9_5_IRQHandler
                0x08012298                RTC_WKUP_IRQHandler
                0x08012298                PVD_PVM_IRQHandler
                0x08012298                SPI2_IRQHandler
                0x08012298                CAN1_TX_IRQHandler
                0x08012298                DMA2_Channel5_IRQHandler
                0x08012298                DMA1_Channel5_IRQHandler
                0x08012298                EXTI4_IRQHandler
                0x08012298                RNG_IRQHandler
                0x08012298                TIM1_TRG_COM_TIM17_IRQHandler
                0x08012298                COMP_IRQHandler
                0x08012298                WWDG_IRQHandler
                0x08012298                LPUART1_IRQHandler
                0x08012298                DMA2_Channel6_IRQHandler